ARM Linker, 4.1 [Build 894] [Evaluation]

==============================================================================

Small function inlining results

Inlined function __aeabi_idiv0 from aeabi_idiv0.o at offset 0x154 in aeabi_sdiv.o(.text).
Inlined Instruction: BX       lr
Inlined function __aeabi_idiv0 from aeabi_idiv0.o at offset 0x154 in aeabi_sdiv_div0.o(.text).
Inlined Instruction: BX       lr
Inlined function _platform_pre_stackheap_init from boardinit1.o at offset 0x0 in rtentry2.o(.ARM.Collect$$rtentry$$00000001).
Inlined Instruction: BX       lr
Inlined function _platform_pre_lib_shutdown from boardshut.o at offset 0x0 in rtexit2.o(.ARM.Collect$$rtexit$$00000001).
Inlined Instruction: BX       lr
Inlined function _fp_init from fpinit.o at offset 0x2 in libinit.o(.ARM.Collect$$libinit$$00000000).
Inlined Instruction: BX       lr
Inlined function __ARM_get_argv from no_argv.o at offset 0x2 in argv_veneer.o(.text).
Inlined Instruction: BX       lr
Inlined total of 6 calls.

==============================================================================

Section Cross References

    system_nuc1xx.o(i.SystemCoreClockUpdate) refers to aeabi_sdiv.o(.text) for __aeabi_uidivmod
    system_nuc1xx.o(i.SystemCoreClockUpdate) refers to system_nuc1xx.o(.data) for gau32ClkSrcTbl
    startup_nuc1xx.o(STACK) refers (Special) to heapauxi.o(.text) for __use_two_region_memory
    startup_nuc1xx.o(HEAP) refers (Special) to heapauxi.o(.text) for __use_two_region_memory
    startup_nuc1xx.o(RESET) refers (Special) to heapauxi.o(.text) for __use_two_region_memory
    startup_nuc1xx.o(RESET) refers to startup_nuc1xx.o(STACK) for __initial_sp
    startup_nuc1xx.o(RESET) refers to startup_nuc1xx.o(.text) for Reset_Handler
    startup_nuc1xx.o(RESET) refers to drvsys.o(i.BOD_IRQHandler) for BOD_IRQHandler
    startup_nuc1xx.o(RESET) refers to drvgpio.o(i.EINT0_IRQHandler) for EINT0_IRQHandler
    startup_nuc1xx.o(RESET) refers to drvgpio.o(i.EINT1_IRQHandler) for EINT1_IRQHandler
    startup_nuc1xx.o(RESET) refers to drvgpio.o(i.GPAB_IRQHandler) for GPAB_IRQHandler
    startup_nuc1xx.o(RESET) refers to drvgpio.o(i.GPCDE_IRQHandler) for GPCDE_IRQHandler
    startup_nuc1xx.o(RESET) refers to drvpwm.o(i.PWMA_IRQHandler) for PWMA_IRQHandler
    startup_nuc1xx.o(RESET) refers to drvpwm.o(i.PWMB_IRQHandler) for PWMB_IRQHandler
    startup_nuc1xx.o(RESET) refers to test_pwm_tone.o(i.TMR0_IRQHandler) for TMR0_IRQHandler
    startup_nuc1xx.o(RESET) refers to test_pwm_tone.o(i.TMR1_IRQHandler) for TMR1_IRQHandler
    startup_nuc1xx.o(RESET) refers to test_pwm_tone.o(i.TMR2_IRQHandler) for TMR2_IRQHandler
    startup_nuc1xx.o(RESET) refers to test_pwm_tone.o(i.TMR3_IRQHandler) for TMR3_IRQHandler
    startup_nuc1xx.o(RESET) refers to drvsys.o(i.PWRWU_IRQHandler) for PWRWU_IRQHandler
    startup_nuc1xx.o(.text) refers (Special) to heapauxi.o(.text) for __use_two_region_memory
    startup_nuc1xx.o(.text) refers to system_nuc1xx.o(i.SystemInit) for SystemInit
    startup_nuc1xx.o(.text) refers to __main.o(!!!main) for __main
    startup_nuc1xx.o(.text) refers to startup_nuc1xx.o(HEAP) for Heap_Mem
    startup_nuc1xx.o(.text) refers to startup_nuc1xx.o(STACK) for Stack_Mem
    test_pwm_tone.o(i.InitTIMER0) refers to test_pwm_tone.o(i.NVIC_EnableIRQ) for NVIC_EnableIRQ
    test_pwm_tone.o(i.InitTIMER1) refers to test_pwm_tone.o(i.NVIC_EnableIRQ) for NVIC_EnableIRQ
    test_pwm_tone.o(i.InitTIMER2) refers to test_pwm_tone.o(i.NVIC_EnableIRQ) for NVIC_EnableIRQ
    test_pwm_tone.o(i.InitTIMER3) refers to test_pwm_tone.o(i.NVIC_EnableIRQ) for NVIC_EnableIRQ
    test_pwm_tone.o(i.Initial_Lcd) refers to test_pwm_tone.o(.data) for SPI_PORT
    test_pwm_tone.o(i.PWM4_Freq) refers to aeabi_sdiv.o(.text) for __aeabi_uidivmod
    test_pwm_tone.o(i.TMR0_IRQHandler) refers to test_pwm_tone.o(.data) for press
    test_pwm_tone.o(i.TMR1_IRQHandler) refers to aeabi_sdiv.o(.text) for __aeabi_idivmod
    test_pwm_tone.o(i.TMR1_IRQHandler) refers to test_pwm_tone.o(i.Tone_Freq) for Tone_Freq
    test_pwm_tone.o(i.TMR1_IRQHandler) refers to test_pwm_tone.o(i.PWM4_Freq) for PWM4_Freq
    test_pwm_tone.o(i.TMR1_IRQHandler) refers to test_pwm_tone.o(.data) for m
    test_pwm_tone.o(i.TMR2_IRQHandler) refers to test_pwm_tone.o(.data) for old_y3
    test_pwm_tone.o(i.TMR3_IRQHandler) refers to test_pwm_tone.o(.data) for rand
    test_pwm_tone.o(i.Tone_Freq) refers to test_pwm_tone.o(i.__ARM_common_switch8) for __ARM_common_switch8
    test_pwm_tone.o(i.clearsavepeople) refers to test_pwm_tone.o(i.draw) for draw
    test_pwm_tone.o(i.clearsavepeople) refers to test_pwm_tone.o(.data) for locrope
    test_pwm_tone.o(i.draw) refers to test_pwm_tone.o(.data) for SPI_PORT
    test_pwm_tone.o(i.drawfinal) refers to test_pwm_tone.o(i.draw) for draw
    test_pwm_tone.o(i.drawfinal) refers to exit.o(.text) for exit
    test_pwm_tone.o(i.drawfinal) refers to test_pwm_tone.o(.data) for y
    test_pwm_tone.o(i.drawfinal) refers to test_pwm_tone.o(.constdata) for finish
    test_pwm_tone.o(i.drawgameover) refers to test_pwm_tone.o(i.draw) for draw
    test_pwm_tone.o(i.drawgameover) refers to exit.o(.text) for exit
    test_pwm_tone.o(i.drawgameover) refers to test_pwm_tone.o(.data) for y
    test_pwm_tone.o(i.drawgameover) refers to test_pwm_tone.o(.constdata) for gameover
    test_pwm_tone.o(i.drawsavepeople) refers to test_pwm_tone.o(i.draw) for draw
    test_pwm_tone.o(i.drawsavepeople) refers to drvsys.o(i.DrvSYS_Delay) for DrvSYS_Delay
    test_pwm_tone.o(i.drawsavepeople) refers to test_pwm_tone.o(.data) for y
    test_pwm_tone.o(i.drawsavepeople) refers to test_pwm_tone.o(.constdata) for run
    test_pwm_tone.o(i.main) refers to rt_memcpy.o(.emb_text) for __aeabi_memcpy4
    test_pwm_tone.o(i.main) refers to test_pwm_tone.o(i.InitHCLK12M) for InitHCLK12M
    test_pwm_tone.o(i.main) refers to test_pwm_tone.o(i.InitTIMER0) for InitTIMER0
    test_pwm_tone.o(i.main) refers to test_pwm_tone.o(i.InitTIMER1) for InitTIMER1
    test_pwm_tone.o(i.main) refers to test_pwm_tone.o(i.InitTIMER2) for InitTIMER2
    test_pwm_tone.o(i.main) refers to test_pwm_tone.o(i.InitTIMER3) for InitTIMER3
    test_pwm_tone.o(i.main) refers to test_pwm_tone.o(i.Initial_Lcd) for Initial_Lcd
    test_pwm_tone.o(i.main) refers to test_pwm_tone.o(i.InitPWM) for InitPWM
    test_pwm_tone.o(i.main) refers to test_pwm_tone.o(i.draw) for draw
    test_pwm_tone.o(i.main) refers to aeabi_sdiv.o(.text) for __aeabi_uidivmod
    test_pwm_tone.o(i.main) refers to drvsys.o(i.DrvSYS_Delay) for DrvSYS_Delay
    test_pwm_tone.o(i.main) refers to test_pwm_tone.o(.constdata) for .constdata
    test_pwm_tone.o(i.main) refers to test_pwm_tone.o(.data) for duty_cycle
    test_pwm_tone.o(i.main) refers to test_pwm_tone.o(i.drawgameover) for drawgameover
    test_pwm_tone.o(i.main) refers to test_pwm_tone.o(i.clearsavepeople) for clearsavepeople
    test_pwm_tone.o(i.main) refers to test_pwm_tone.o(i.drawsavepeople) for drawsavepeople
    test_pwm_tone.o(i.main) refers to test_pwm_tone.o(i.drawfinal) for drawfinal
    drvgpio.o(i.DrvGPIO_ClrPortMask) refers to drvgpio.o(i.DrvGPIO_GetPortMask) for DrvGPIO_GetPortMask
    drvgpio.o(i.DrvGPIO_DisableEINT0) refers to drvgpio.o(i.NVIC_DisableIRQ) for NVIC_DisableIRQ
    drvgpio.o(i.DrvGPIO_DisableEINT1) refers to drvgpio.o(i.NVIC_DisableIRQ) for NVIC_DisableIRQ
    drvgpio.o(i.DrvGPIO_DisableInt) refers to drvgpio.o(i.NVIC_DisableIRQ) for NVIC_DisableIRQ
    drvgpio.o(i.DrvGPIO_EnableEINT0) refers to drvgpio.o(i.NVIC_SetPriority) for NVIC_SetPriority
    drvgpio.o(i.DrvGPIO_EnableEINT0) refers to drvgpio.o(i.NVIC_EnableIRQ) for NVIC_EnableIRQ
    drvgpio.o(i.DrvGPIO_EnableEINT0) refers to drvgpio.o(.data) for _pfEINT0Callback
    drvgpio.o(i.DrvGPIO_EnableEINT1) refers to drvgpio.o(i.NVIC_SetPriority) for NVIC_SetPriority
    drvgpio.o(i.DrvGPIO_EnableEINT1) refers to drvgpio.o(i.NVIC_EnableIRQ) for NVIC_EnableIRQ
    drvgpio.o(i.DrvGPIO_EnableEINT1) refers to drvgpio.o(.data) for _pfEINT1Callback
    drvgpio.o(i.DrvGPIO_EnableInt) refers to drvgpio.o(i.NVIC_SetPriority) for NVIC_SetPriority
    drvgpio.o(i.DrvGPIO_EnableInt) refers to drvgpio.o(i.NVIC_EnableIRQ) for NVIC_EnableIRQ
    drvgpio.o(i.DrvGPIO_InitFunction) refers to test_pwm_tone.o(i.__ARM_common_switch8) for __ARM_common_switch8
    drvgpio.o(i.DrvGPIO_SetIntCallback) refers to drvgpio.o(.data) for _pfGPABCallback
    drvgpio.o(i.DrvGPIO_SetPortMask) refers to drvgpio.o(i.DrvGPIO_GetPortMask) for DrvGPIO_GetPortMask
    drvgpio.o(i.EINT0_IRQHandler) refers to drvgpio.o(.data) for _pfEINT0Callback
    drvgpio.o(i.EINT1_IRQHandler) refers to drvgpio.o(.data) for _pfEINT1Callback
    drvgpio.o(i.GPAB_IRQHandler) refers to drvgpio.o(.data) for _pfGPABCallback
    drvgpio.o(i.GPCDE_IRQHandler) refers to drvgpio.o(.data) for _pfGPCDECallback
    retarget.o(i.SendChar) refers to retarget.o(i.SendChar_ToUART) for SendChar_ToUART
    retarget.o(i._ttywrch) refers to retarget.o(i.SendChar) for SendChar
    retarget.o(i.fgetc) refers to retarget.o(i.GetChar) for GetChar
    retarget.o(i.fputc) refers to retarget.o(i.SendChar) for SendChar
    drvpwm.o(i.DrvPWM_ClearCaptureIntStatus) refers to test_pwm_tone.o(i.__ARM_common_switch8) for __ARM_common_switch8
    drvpwm.o(i.DrvPWM_ClearCaptureIntStatus) refers to drvpwm.o(.data) for s_i32Option
    drvpwm.o(i.DrvPWM_ClearInt) refers to test_pwm_tone.o(i.__ARM_common_switch8) for __ARM_common_switch8
    drvpwm.o(i.DrvPWM_ClearInt) refers to drvpwm.o(.data) for s_i32Option
    drvpwm.o(i.DrvPWM_Close) refers to drvpwm.o(i.NVIC_DisableIRQ) for NVIC_DisableIRQ
    drvpwm.o(i.DrvPWM_DisableInt) refers to test_pwm_tone.o(i.__ARM_common_switch8) for __ARM_common_switch8
    drvpwm.o(i.DrvPWM_DisableInt) refers to drvpwm.o(.bss) for g_sDrvPWMAHandler
    drvpwm.o(i.DrvPWM_DisableInt) refers to drvpwm.o(.data) for s_i32Option
    drvpwm.o(i.DrvPWM_Enable) refers to test_pwm_tone.o(i.__ARM_common_switch8) for __ARM_common_switch8
    drvpwm.o(i.DrvPWM_Enable) refers to drvpwm.o(.data) for s_i32Option
    drvpwm.o(i.DrvPWM_EnableDeadZone) refers to test_pwm_tone.o(i.__ARM_common_switch8) for __ARM_common_switch8
    drvpwm.o(i.DrvPWM_EnableInt) refers to test_pwm_tone.o(i.__ARM_common_switch8) for __ARM_common_switch8
    drvpwm.o(i.DrvPWM_EnableInt) refers to drvpwm.o(i.NVIC_SetPriority) for NVIC_SetPriority
    drvpwm.o(i.DrvPWM_EnableInt) refers to drvpwm.o(i.NVIC_EnableIRQ) for NVIC_EnableIRQ
    drvpwm.o(i.DrvPWM_EnableInt) refers to drvpwm.o(.bss) for g_sDrvPWMAHandler
    drvpwm.o(i.DrvPWM_EnableInt) refers to drvpwm.o(.data) for s_i32Option
    drvpwm.o(i.DrvPWM_GetCaptureIntStatus) refers to test_pwm_tone.o(i.__ARM_common_switch8) for __ARM_common_switch8
    drvpwm.o(i.DrvPWM_GetIntFlag) refers to test_pwm_tone.o(i.__ARM_common_switch8) for __ARM_common_switch8
    drvpwm.o(i.DrvPWM_IsTimerEnabled) refers to test_pwm_tone.o(i.__ARM_common_switch8) for __ARM_common_switch8
    drvpwm.o(i.DrvPWM_SelectClearLatchFlagOption) refers to drvpwm.o(.data) for s_i32Option
    drvpwm.o(i.DrvPWM_SelectClockSource) refers to test_pwm_tone.o(i.__ARM_common_switch8) for __ARM_common_switch8
    drvpwm.o(i.DrvPWM_SetTimerClk) refers to test_pwm_tone.o(i.__ARM_common_switch8) for __ARM_common_switch8
    drvpwm.o(i.DrvPWM_SetTimerClk) refers to system_nuc1xx.o(.data) for SystemCoreClock
    drvpwm.o(i.DrvPWM_SetTimerClk) refers to drvpwm.o(.data) for s_i32Option
    drvpwm.o(i.DrvPWM_SetTimerClk) refers to aeabi_sdiv.o(.text) for __aeabi_uidivmod
    drvpwm.o(i.PWMA_IRQHandler) refers to drvpwm.o(.bss) for g_sDrvPWMAHandler
    drvpwm.o(i.PWMA_IRQHandler) refers to drvpwm.o(.data) for s_i32Option
    drvpwm.o(i.PWMB_IRQHandler) refers to drvpwm.o(.bss) for g_sDrvPWMBHandler
    drvpwm.o(i.PWMB_IRQHandler) refers to drvpwm.o(.data) for s_i32Option
    drvsys.o(i.BOD_IRQHandler) refers to drvsys.o(.data) for BOD_callbackFn
    drvsys.o(i.DrvSYS_Delay) refers to system_nuc1xx.o(.data) for CyclesPerUs
    drvsys.o(i.DrvSYS_GetChipClockSourceStatus) refers to test_pwm_tone.o(i.__ARM_common_switch8) for __ARM_common_switch8
    drvsys.o(i.DrvSYS_GetHCLKFreq) refers to drvsys.o(i.DrvSYS_GetPLLClockFreq) for DrvSYS_GetPLLClockFreq
    drvsys.o(i.DrvSYS_GetHCLKFreq) refers to aeabi_sdiv.o(.text) for __aeabi_uidivmod
    drvsys.o(i.DrvSYS_GetPLLClockFreq) refers to aeabi_sdiv.o(.text) for __aeabi_uidivmod
    drvsys.o(i.DrvSYS_GetPLLClockFreq) refers to drvsys.o(.constdata) for .constdata
    drvsys.o(i.DrvSYS_GetPLLContent) refers to aeabi_sdiv.o(.text) for __aeabi_uidivmod
    drvsys.o(i.DrvSYS_Open) refers to drvsys.o(i.DrvSYS_IsProtectedRegLocked) for DrvSYS_IsProtectedRegLocked
    drvsys.o(i.DrvSYS_Open) refers to drvsys.o(i.DrvSYS_GetPLLContent) for DrvSYS_GetPLLContent
    drvsys.o(i.DrvSYS_Open) refers to drvsys.o(i.DrvSYS_SetPLLContent) for DrvSYS_SetPLLContent
    drvsys.o(i.DrvSYS_Open) refers to drvsys.o(i.DrvSYS_SelectHCLKSource) for DrvSYS_SelectHCLKSource
    drvsys.o(i.DrvSYS_SelectHCLKSource) refers to system_nuc1xx.o(i.SystemCoreClockUpdate) for SystemCoreClockUpdate
    drvsys.o(i.DrvSYS_SelectIPClockSource) refers to test_pwm_tone.o(i.__ARM_common_switch8) for __ARM_common_switch8
    drvsys.o(i.DrvSYS_SetBODFunction) refers to drvsys.o(i.NVIC_DisableIRQ) for NVIC_DisableIRQ
    drvsys.o(i.DrvSYS_SetBODFunction) refers to drvsys.o(i.NVIC_SetPriority) for NVIC_SetPriority
    drvsys.o(i.DrvSYS_SetBODFunction) refers to drvsys.o(i.NVIC_EnableIRQ) for NVIC_EnableIRQ
    drvsys.o(i.DrvSYS_SetBODFunction) refers to drvsys.o(.data) for BOD_callbackFn
    drvsys.o(i.DrvSYS_SetClockDivider) refers to system_nuc1xx.o(i.SystemCoreClockUpdate) for SystemCoreClockUpdate
    drvsys.o(i.DrvSYS_SetFreqDividerOutput) refers to drvsys.o(i.DrvSYS_SetIPClock) for DrvSYS_SetIPClock
    drvsys.o(i.DrvSYS_SetPowerDownWakeUpInt) refers to drvsys.o(i.NVIC_SetPriority) for NVIC_SetPriority
    drvsys.o(i.DrvSYS_SetPowerDownWakeUpInt) refers to drvsys.o(i.NVIC_EnableIRQ) for NVIC_EnableIRQ
    drvsys.o(i.DrvSYS_SetPowerDownWakeUpInt) refers to drvsys.o(i.NVIC_DisableIRQ) for NVIC_DisableIRQ
    drvsys.o(i.DrvSYS_SetPowerDownWakeUpInt) refers to drvsys.o(.data) for PWRWU_callbackFn
    drvsys.o(i.PWRWU_IRQHandler) refers to drvsys.o(.data) for PWRWU_callbackFn
    exit.o(.text) refers to rtexit.o(.ARM.Collect$$rtexit$$00000000) for __rt_exit
    rt_memcpy.o(.text) refers to rt_memcpy.o(.emb_text) for __aeabi_memcpy4
    __main.o(!!!main) refers to rtentry.o(.ARM.Collect$$rtentry$$00000000) for __rt_entry
    rtentry.o(.ARM.Collect$$rtentry$$00000000) refers (Special) to rtentry2.o(.ARM.Collect$$rtentry$$0000000A) for __rt_entry_li
    rtentry.o(.ARM.Collect$$rtentry$$00000000) refers (Special) to rtentry2.o(.ARM.Collect$$rtentry$$0000000D) for __rt_entry_main
    rtentry.o(.ARM.Collect$$rtentry$$00000000) refers (Special) to rtentry2.o(.ARM.Collect$$rtentry$$0000000C) for __rt_entry_postli_1
    rtentry.o(.ARM.Collect$$rtentry$$00000000) refers (Special) to rtentry2.o(.ARM.Collect$$rtentry$$00000009) for __rt_entry_postsh_1
    rtentry.o(.ARM.Collect$$rtentry$$00000000) refers (Special) to rtentry2.o(.ARM.Collect$$rtentry$$00000002) for __rt_entry_presh_1
    rtentry.o(.ARM.Collect$$rtentry$$00000000) refers (Special) to rtentry4.o(.ARM.Collect$$rtentry$$00000004) for __rt_entry_sh
    rtexit.o(.ARM.Collect$$rtexit$$00000000) refers (Special) to rtexit2.o(.ARM.Collect$$rtexit$$00000004) for __rt_exit_exit
    rtexit.o(.ARM.Collect$$rtexit$$00000000) refers (Special) to rtexit2.o(.ARM.Collect$$rtexit$$00000003) for __rt_exit_ls
    rtexit.o(.ARM.Collect$$rtexit$$00000000) refers (Special) to rtexit2.o(.ARM.Collect$$rtexit$$00000002) for __rt_exit_prels_1
    rtexit.o(.ARM.exidx) refers (Special) to rtexit2.o(.ARM.Collect$$rtexit$$00000004) for __rt_exit_exit
    rtexit.o(.ARM.exidx) refers (Special) to rtexit2.o(.ARM.Collect$$rtexit$$00000003) for __rt_exit_ls
    rtexit.o(.ARM.exidx) refers (Special) to rtexit2.o(.ARM.Collect$$rtexit$$00000002) for __rt_exit_prels_1
    rtexit.o(.ARM.exidx) refers to rtexit.o(.ARM.Collect$$rtexit$$00000000) for .ARM.Collect$$rtexit$$00000000
    aeabi_idiv0_sigfpe.o(.text) refers to rt_div0.o(.text) for __rt_div0
    rtentry2.o(.ARM.Collect$$rtentry$$00000008) refers to boardinit2.o(.text) for _platform_post_stackheap_init
    rtentry2.o(.ARM.Collect$$rtentry$$0000000A) refers to libinit.o(.ARM.Collect$$libinit$$00000000) for __rt_lib_init
    rtentry2.o(.ARM.Collect$$rtentry$$0000000B) refers to boardinit3.o(.text) for _platform_post_lib_init
    rtentry2.o(.ARM.Collect$$rtentry$$0000000D) refers to test_pwm_tone.o(i.main) for main
    rtentry2.o(.ARM.Collect$$rtentry$$0000000D) refers to exit.o(.text) for exit
    rtentry2.o(.ARM.exidx) refers to rtentry2.o(.ARM.Collect$$rtentry$$00000001) for .ARM.Collect$$rtentry$$00000001
    rtentry2.o(.ARM.exidx) refers to rtentry2.o(.ARM.Collect$$rtentry$$00000008) for .ARM.Collect$$rtentry$$00000008
    rtentry2.o(.ARM.exidx) refers to rtentry2.o(.ARM.Collect$$rtentry$$0000000A) for .ARM.Collect$$rtentry$$0000000A
    rtentry2.o(.ARM.exidx) refers to rtentry2.o(.ARM.Collect$$rtentry$$0000000B) for .ARM.Collect$$rtentry$$0000000B
    rtentry2.o(.ARM.exidx) refers to rtentry2.o(.ARM.Collect$$rtentry$$0000000D) for .ARM.Collect$$rtentry$$0000000D
    rtentry4.o(.ARM.Collect$$rtentry$$00000004) refers to sys_stackheap_outer.o(.text) for __user_setup_stackheap
    rtentry4.o(.ARM.exidx) refers to rtentry4.o(.ARM.Collect$$rtentry$$00000004) for .ARM.Collect$$rtentry$$00000004
    rtexit2.o(.ARM.Collect$$rtexit$$00000003) refers to libshutdown.o(.ARM.Collect$$libshutdown$$00000000) for __rt_lib_shutdown
    rtexit2.o(.ARM.Collect$$rtexit$$00000004) refers to sys_exit.o(.text) for _sys_exit
    rtexit2.o(.ARM.exidx) refers to rtexit2.o(.ARM.Collect$$rtexit$$00000001) for .ARM.Collect$$rtexit$$00000001
    rtexit2.o(.ARM.exidx) refers to rtexit2.o(.ARM.Collect$$rtexit$$00000003) for .ARM.Collect$$rtexit$$00000003
    rtexit2.o(.ARM.exidx) refers to rtexit2.o(.ARM.Collect$$rtexit$$00000004) for .ARM.Collect$$rtexit$$00000004
    rt_div0.o(.text) refers to defsig_fpe_outer.o(.text) for __rt_SIGFPE
    sys_exit.o(.text) refers (Special) to use_no_semi.o(.text) for __I$use$semihosting
    sys_exit.o(.text) refers (Special) to indicate_semi.o(.text) for __semihosting_library_function
    sys_stackheap_outer.o(.text) refers to libspace.o(.text) for __user_perproc_libspace
    sys_stackheap_outer.o(.text) refers to startup_nuc1xx.o(.text) for __user_initial_stackheap
    sys_stackheap_outer.o(__vectab_stack_and_reset_area) refers to tempstk.o(.text) for __temporary_stack_top
    sys_stackheap_outer.o(__vectab_stack_and_reset_area) refers to __main.o(!!!main) for __main
    defsig_fpe_outer.o(.text) refers to defsig_fpe_inner.o(.text) for __rt_SIGFPE_inner
    defsig_fpe_outer.o(.text) refers to defsig_exit.o(.text) for __sig_exit
    defsig_fpe_formal.o(.text) refers to rt_raise.o(.text) for __rt_raise
    libinit.o(.ARM.Collect$$libinit$$00000000) refers (Special) to libinit2.o(.ARM.Collect$$libinit$$0000002A) for __rt_lib_init_alloca_1
    libinit.o(.ARM.Collect$$libinit$$00000000) refers (Special) to libinit2.o(.ARM.Collect$$libinit$$00000028) for __rt_lib_init_argv_1
    libinit.o(.ARM.Collect$$libinit$$00000000) refers (Special) to libinit2.o(.ARM.Collect$$libinit$$00000017) for __rt_lib_init_atexit_1
    libinit.o(.ARM.Collect$$libinit$$00000000) refers (Special) to libinit2.o(.ARM.Collect$$libinit$$0000001D) for __rt_lib_init_clock_1
    libinit.o(.ARM.Collect$$libinit$$00000000) refers (Special) to libinit2.o(.ARM.Collect$$libinit$$0000002E) for __rt_lib_init_cpp_1
    libinit.o(.ARM.Collect$$libinit$$00000000) refers (Special) to libinit2.o(.ARM.Collect$$libinit$$0000002C) for __rt_lib_init_exceptions_1
    libinit.o(.ARM.Collect$$libinit$$00000000) refers (Special) to libinit2.o(.ARM.Collect$$libinit$$0000001B) for __rt_lib_init_fp_trap_1
    libinit.o(.ARM.Collect$$libinit$$00000000) refers (Special) to libinit2.o(.ARM.Collect$$libinit$$0000001F) for __rt_lib_init_getenv_1
    libinit.o(.ARM.Collect$$libinit$$00000000) refers (Special) to libinit2.o(.ARM.Collect$$libinit$$00000006) for __rt_lib_init_heap_1
    libinit.o(.ARM.Collect$$libinit$$00000000) refers (Special) to libinit2.o(.ARM.Collect$$libinit$$0000000D) for __rt_lib_init_lc_collate_1
    libinit.o(.ARM.Collect$$libinit$$00000000) refers (Special) to libinit2.o(.ARM.Collect$$libinit$$0000000F) for __rt_lib_init_lc_ctype_1
    libinit.o(.ARM.Collect$$libinit$$00000000) refers (Special) to libinit2.o(.ARM.Collect$$libinit$$00000011) for __rt_lib_init_lc_monetary_1
    libinit.o(.ARM.Collect$$libinit$$00000000) refers (Special) to libinit2.o(.ARM.Collect$$libinit$$00000013) for __rt_lib_init_lc_numeric_1
    libinit.o(.ARM.Collect$$libinit$$00000000) refers (Special) to libinit2.o(.ARM.Collect$$libinit$$00000015) for __rt_lib_init_lc_time_1
    libinit.o(.ARM.Collect$$libinit$$00000000) refers (Special) to libinit2.o(.ARM.Collect$$libinit$$0000000A) for __rt_lib_init_rand_1
    libinit.o(.ARM.Collect$$libinit$$00000000) refers (Special) to libinit2.o(.ARM.Collect$$libinit$$0000002F) for __rt_lib_init_return
    libinit.o(.ARM.Collect$$libinit$$00000000) refers (Special) to libinit2.o(.ARM.Collect$$libinit$$00000019) for __rt_lib_init_signal_1
    libinit.o(.ARM.Collect$$libinit$$00000000) refers (Special) to libinit2.o(.ARM.Collect$$libinit$$00000021) for __rt_lib_init_stdio_1
    libinit.o(.ARM.Collect$$libinit$$00000000) refers (Special) to libinit2.o(.ARM.Collect$$libinit$$00000008) for __rt_lib_init_user_alloc_1
    libshutdown.o(.ARM.Collect$$libshutdown$$00000000) refers (Special) to libshutdown2.o(.ARM.Collect$$libshutdown$$00000006) for __rt_lib_shutdown_fp_trap_1
    libshutdown.o(.ARM.Collect$$libshutdown$$00000000) refers (Special) to libshutdown2.o(.ARM.Collect$$libshutdown$$0000000E) for __rt_lib_shutdown_heap_1
    libshutdown.o(.ARM.Collect$$libshutdown$$00000000) refers (Special) to libshutdown2.o(.ARM.Collect$$libshutdown$$0000000F) for __rt_lib_shutdown_return
    libshutdown.o(.ARM.Collect$$libshutdown$$00000000) refers (Special) to libshutdown2.o(.ARM.Collect$$libshutdown$$00000009) for __rt_lib_shutdown_signal_1
    libshutdown.o(.ARM.Collect$$libshutdown$$00000000) refers (Special) to libshutdown2.o(.ARM.Collect$$libshutdown$$00000003) for __rt_lib_shutdown_stdio_1
    libshutdown.o(.ARM.Collect$$libshutdown$$00000000) refers (Special) to libshutdown2.o(.ARM.Collect$$libshutdown$$0000000B) for __rt_lib_shutdown_user_alloc_1
    libspace.o(.text) refers to libspace.o(.bss) for __libspace_start
    rt_raise.o(.text) refers to __raise.o(.text) for __raise
    rt_raise.o(.text) refers to sys_exit.o(.text) for _sys_exit
    defsig_exit.o(.text) refers to sys_exit.o(.text) for _sys_exit
    defsig_fpe_inner.o(.text) refers to defsig_general.o(.text) for __default_signal_display
    libinit2.o(.ARM.Collect$$libinit$$0000000C) refers to libinit2.o(.ARM.Collect$$libinit$$0000000B) for .ARM.Collect$$libinit$$0000000B
    libinit2.o(.ARM.Collect$$libinit$$0000000E) refers to libinit2.o(.ARM.Collect$$libinit$$0000000B) for .ARM.Collect$$libinit$$0000000B
    libinit2.o(.ARM.Collect$$libinit$$00000010) refers to libinit2.o(.ARM.Collect$$libinit$$0000000B) for .ARM.Collect$$libinit$$0000000B
    libinit2.o(.ARM.Collect$$libinit$$00000012) refers to libinit2.o(.ARM.Collect$$libinit$$0000000B) for .ARM.Collect$$libinit$$0000000B
    libinit2.o(.ARM.Collect$$libinit$$00000014) refers to libinit2.o(.ARM.Collect$$libinit$$0000000B) for .ARM.Collect$$libinit$$0000000B
    libinit2.o(.ARM.Collect$$libinit$$00000022) refers to argv_veneer.o(.text) for __ARM_argv_veneer
    libinit2.o(.ARM.Collect$$libinit$$00000023) refers to argv_veneer.o(.text) for __ARM_argv_veneer
    __raise.o(.text) refers to defsig.o(CL$$defsig) for __default_signal_handler
    defsig_general.o(.text) refers to retarget.o(i._ttywrch) for _ttywrch
    defsig.o(CL$$defsig) refers to defsig_fpe_inner.o(.text) for __rt_SIGFPE_inner
    defsig.o(CL$$defsig) refers to defsig_rtmem_inner.o(.text) for __rt_SIGRTMEM_inner
    _get_argv_nomalloc.o(.text) refers (Special) to hrguard.o(.text) for __heap_region$guard
    _get_argv_nomalloc.o(.text) refers to defsig_rtmem_outer.o(.text) for __rt_SIGRTMEM
    _get_argv_nomalloc.o(.text) refers to sys_command.o(.text) for _sys_command_string
    sys_command.o(.text) refers (Special) to use_no_semi.o(.text) for __I$use$semihosting
    sys_command.o(.text) refers (Special) to indicate_semi.o(.text) for __semihosting_library_function
    defsig_abrt_inner.o(.text) refers to defsig_general.o(.text) for __default_signal_display
    defsig_rtred_inner.o(.text) refers to defsig_general.o(.text) for __default_signal_display
    defsig_rtmem_inner.o(.text) refers to defsig_general.o(.text) for __default_signal_display
    defsig_rtmem_outer.o(.text) refers to defsig_rtmem_inner.o(.text) for __rt_SIGRTMEM_inner
    defsig_rtmem_outer.o(.text) refers to defsig_exit.o(.text) for __sig_exit
    defsig_rtmem_formal.o(.text) refers to rt_raise.o(.text) for __rt_raise
    defsig_stak_inner.o(.text) refers to defsig_general.o(.text) for __default_signal_display
    defsig_pvfn_inner.o(.text) refers to defsig_general.o(.text) for __default_signal_display
    defsig_cppl_inner.o(.text) refers to defsig_general.o(.text) for __default_signal_display
    defsig_segv_inner.o(.text) refers to defsig_general.o(.text) for __default_signal_display
    defsig_other.o(.text) refers to defsig_general.o(.text) for __default_signal_display


==============================================================================

Removing Unused input sections from the image.

    Removing core_cm0.o(.emb_text), (32 bytes).
    Removing system_nuc1xx.o(i.SystemCoreClockUpdate), (160 bytes).
    Removing ascii_table.o(.data), (1520 bytes).
    Removing drvgpio.o(i.DrvGPIO_Close), (64 bytes).
    Removing drvgpio.o(i.DrvGPIO_ClrBit), (44 bytes).
    Removing drvgpio.o(i.DrvGPIO_ClrBitMask), (28 bytes).
    Removing drvgpio.o(i.DrvGPIO_ClrPortMask), (28 bytes).
    Removing drvgpio.o(i.DrvGPIO_DisableDebounce), (44 bytes).
    Removing drvgpio.o(i.DrvGPIO_DisableDigitalInputBit), (36 bytes).
    Removing drvgpio.o(i.DrvGPIO_DisableEINT0), (28 bytes).
    Removing drvgpio.o(i.DrvGPIO_DisableEINT1), (28 bytes).
    Removing drvgpio.o(i.DrvGPIO_DisableInt), (72 bytes).
    Removing drvgpio.o(i.DrvGPIO_EnableDebounce), (48 bytes).
    Removing drvgpio.o(i.DrvGPIO_EnableDigitalInputBit), (36 bytes).
    Removing drvgpio.o(i.DrvGPIO_EnableEINT0), (128 bytes).
    Removing drvgpio.o(i.DrvGPIO_EnableEINT1), (128 bytes).
    Removing drvgpio.o(i.DrvGPIO_EnableInt), (224 bytes).
    Removing drvgpio.o(i.DrvGPIO_GetBit), (40 bytes).
    Removing drvgpio.o(i.DrvGPIO_GetBitMask), (24 bytes).
    Removing drvgpio.o(i.DrvGPIO_GetDebounceSampleCycle), (16 bytes).
    Removing drvgpio.o(i.DrvGPIO_GetDoutBit), (36 bytes).
    Removing drvgpio.o(i.DrvGPIO_GetIntStatus), (16 bytes).
    Removing drvgpio.o(i.DrvGPIO_GetPortBits), (16 bytes).
    Removing drvgpio.o(i.DrvGPIO_GetPortDoutBits), (28 bytes).
    Removing drvgpio.o(i.DrvGPIO_GetPortMask), (16 bytes).
    Removing drvgpio.o(i.DrvGPIO_GetVersion), (8 bytes).
    Removing drvgpio.o(i.DrvGPIO_InitFunction), (1880 bytes).
    Removing drvgpio.o(i.DrvGPIO_Open), (120 bytes).
    Removing drvgpio.o(i.DrvGPIO_SetBit), (44 bytes).
    Removing drvgpio.o(i.DrvGPIO_SetBitMask), (28 bytes).
    Removing drvgpio.o(i.DrvGPIO_SetDebounceTime), (64 bytes).
    Removing drvgpio.o(i.DrvGPIO_SetIntCallback), (20 bytes).
    Removing drvgpio.o(i.DrvGPIO_SetPortBits), (20 bytes).
    Removing drvgpio.o(i.DrvGPIO_SetPortMask), (28 bytes).
    Removing drvgpio.o(i.NVIC_DisableIRQ), (20 bytes).
    Removing drvgpio.o(i.NVIC_EnableIRQ), (20 bytes).
    Removing drvgpio.o(i.NVIC_SetPriority), (120 bytes).
    Removing retarget.o(i.GetChar), (28 bytes).
    Removing retarget.o(i.IsDebugFifoEmpty), (16 bytes).
    Removing retarget.o(i.SendChar), (12 bytes).
    Removing retarget.o(i.SendChar_ToUART), (48 bytes).
    Removing retarget.o(i._ttywrch), (12 bytes).
    Removing retarget.o(i.ferror), (8 bytes).
    Removing retarget.o(i.fgetc), (10 bytes).
    Removing retarget.o(i.fputc), (16 bytes).
    Removing retarget.o(i.kbhit), (20 bytes).
    Removing retarget.o(.data), (8 bytes).
    Removing drvpwm.o(i.DrvPWM_ClearCaptureIntStatus), (688 bytes).
    Removing drvpwm.o(i.DrvPWM_ClearInt), (388 bytes).
    Removing drvpwm.o(i.DrvPWM_Close), (92 bytes).
    Removing drvpwm.o(i.DrvPWM_DisableInt), (680 bytes).
    Removing drvpwm.o(i.DrvPWM_Enable), (604 bytes).
    Removing drvpwm.o(i.DrvPWM_EnableDeadZone), (220 bytes).
    Removing drvpwm.o(i.DrvPWM_EnableInt), (1112 bytes).
    Removing drvpwm.o(i.DrvPWM_GetCaptureIntStatus), (248 bytes).
    Removing drvpwm.o(i.DrvPWM_GetFallingCounter), (44 bytes).
    Removing drvpwm.o(i.DrvPWM_GetIntFlag), (188 bytes).
    Removing drvpwm.o(i.DrvPWM_GetRisingCounter), (44 bytes).
    Removing drvpwm.o(i.DrvPWM_GetTimerCounter), (52 bytes).
    Removing drvpwm.o(i.DrvPWM_GetVersion), (8 bytes).
    Removing drvpwm.o(i.DrvPWM_IsTimerEnabled), (96 bytes).
    Removing drvpwm.o(i.DrvPWM_Open), (56 bytes).
    Removing drvpwm.o(i.DrvPWM_SelectClearLatchFlagOption), (88 bytes).
    Removing drvpwm.o(i.DrvPWM_SelectClockSource), (132 bytes).
    Removing drvpwm.o(i.DrvPWM_SetTimerClk), (2072 bytes).
    Removing drvpwm.o(i.DrvPWM_SetTimerCounter), (48 bytes).
    Removing drvpwm.o(i.DrvPWM_SetTimerIO), (200 bytes).
    Removing drvpwm.o(i.NVIC_DisableIRQ), (20 bytes).
    Removing drvpwm.o(i.NVIC_EnableIRQ), (20 bytes).
    Removing drvpwm.o(i.NVIC_SetPriority), (120 bytes).
    Removing drvsys.o(i.DrvSYS_ClearClockSwitchStatus), (20 bytes).
    Removing drvsys.o(i.DrvSYS_ClearResetSource), (12 bytes).
    Removing drvsys.o(i.DrvSYS_DisableBODLowPowerMode), (18 bytes).
    Removing drvsys.o(i.DrvSYS_DisableHighPerformanceMode), (18 bytes).
    Removing drvsys.o(i.DrvSYS_DisableLowVoltReset), (18 bytes).
    Removing drvsys.o(i.DrvSYS_DisablePOR), (12 bytes).
    Removing drvsys.o(i.DrvSYS_DisableTemperatureSensor), (18 bytes).
    Removing drvsys.o(i.DrvSYS_EnableBODLowPowerMode), (20 bytes).
    Removing drvsys.o(i.DrvSYS_EnableHighPerformanceMode), (20 bytes).
    Removing drvsys.o(i.DrvSYS_EnableLowVoltReset), (20 bytes).
    Removing drvsys.o(i.DrvSYS_EnablePOR), (10 bytes).
    Removing drvsys.o(i.DrvSYS_EnableTemperatureSensor), (20 bytes).
    Removing drvsys.o(i.DrvSYS_EnterPowerDown), (56 bytes).
    Removing drvsys.o(i.DrvSYS_GetBODState), (12 bytes).
    Removing drvsys.o(i.DrvSYS_GetChipClockSourceStatus), (88 bytes).
    Removing drvsys.o(i.DrvSYS_GetClockSwitchStatus), (16 bytes).
    Removing drvsys.o(i.DrvSYS_GetExtClockFreq), (8 bytes).
    Removing drvsys.o(i.DrvSYS_GetHCLKFreq), (108 bytes).
    Removing drvsys.o(i.DrvSYS_GetPLLClockFreq), (120 bytes).
    Removing drvsys.o(i.DrvSYS_GetPLLContent), (192 bytes).
    Removing drvsys.o(i.DrvSYS_GetResetSource), (8 bytes).
    Removing drvsys.o(i.DrvSYS_GetVersion), (8 bytes).
    Removing drvsys.o(i.DrvSYS_IsProtectedRegLocked), (16 bytes).
    Removing drvsys.o(i.DrvSYS_LockProtectedReg), (36 bytes).
    Removing drvsys.o(i.DrvSYS_Open), (172 bytes).
    Removing drvsys.o(i.DrvSYS_ReadProductID), (8 bytes).
    Removing drvsys.o(i.DrvSYS_ResetCPU), (20 bytes).
    Removing drvsys.o(i.DrvSYS_ResetChip), (20 bytes).
    Removing drvsys.o(i.DrvSYS_ResetIP), (110 bytes).
    Removing drvsys.o(i.DrvSYS_SelectBODVolt), (26 bytes).
    Removing drvsys.o(i.DrvSYS_SelectHCLKSource), (56 bytes).
    Removing drvsys.o(i.DrvSYS_SelectIPClockSource), (352 bytes).
    Removing drvsys.o(i.DrvSYS_SelectPLLSource), (32 bytes).
    Removing drvsys.o(i.DrvSYS_SelectSysTickSource), (52 bytes).
    Removing drvsys.o(i.DrvSYS_SetBODFunction), (92 bytes).
    Removing drvsys.o(i.DrvSYS_SetClockDivider), (136 bytes).
    Removing drvsys.o(i.DrvSYS_SetFreqDividerOutput), (76 bytes).
    Removing drvsys.o(i.DrvSYS_SetIPClock), (120 bytes).
    Removing drvsys.o(i.DrvSYS_SetOscCtrl), (128 bytes).
    Removing drvsys.o(i.DrvSYS_SetPLLContent), (76 bytes).
    Removing drvsys.o(i.DrvSYS_SetPLLMode), (52 bytes).
    Removing drvsys.o(i.DrvSYS_SetPowerDownWakeUpInt), (108 bytes).
    Removing drvsys.o(i.DrvSYS_UnlockProtectedReg), (44 bytes).
    Removing drvsys.o(i.NVIC_DisableIRQ), (20 bytes).
    Removing drvsys.o(i.NVIC_EnableIRQ), (20 bytes).
    Removing drvsys.o(i.NVIC_SetPriority), (120 bytes).
    Removing drvsys.o(.constdata), (16 bytes).

117 unused section(s) (total 15340 bytes) removed from the image.

==============================================================================

Image Symbol Table

    Local Symbols

    Symbol Name                              Value     Ov Type        Size  Object(Section)

    RESET                                    0x00000000   Section      192  startup_nuc1xx.o(RESET)
    ../../angel/boardlib.s                   0x00000000   Number         0  boardinit2.o ABSOLUTE
    ../../angel/boardlib.s                   0x00000000   Number         0  boardshut.o ABSOLUTE
    ../../angel/boardlib.s                   0x00000000   Number         0  boardinit3.o ABSOLUTE
    ../../angel/boardlib.s                   0x00000000   Number         0  boardinit1.o ABSOLUTE
    ../../angel/handlers.s                   0x00000000   Number         0  __scatter_copy.o ABSOLUTE
    ../../angel/handlers.s                   0x00000000   Number         0  __scatter_zi.o ABSOLUTE
    ../../angel/kernel.s                     0x00000000   Number         0  rtentry4.o ABSOLUTE
    ../../angel/kernel.s                     0x00000000   Number         0  rtexit2.o ABSOLUTE
    ../../angel/kernel.s                     0x00000000   Number         0  rtexit.o ABSOLUTE
    ../../angel/kernel.s                     0x00000000   Number         0  rtentry.o ABSOLUTE
    ../../angel/kernel.s                     0x00000000   Number         0  rtentry2.o ABSOLUTE
    ../../angel/rt.s                         0x00000000   Number         0  rt_div0.o ABSOLUTE
    ../../angel/rt.s                         0x00000000   Number         0  aeabi_idiv0.o ABSOLUTE
    ../../angel/rt.s                         0x00000000   Number         0  rt_raise.o ABSOLUTE
    ../../angel/rt.s                         0x00000000   Number         0  aeabi_idiv0_sigfpe.o ABSOLUTE
    ../../angel/scatterp.s                   0x00000000   Number         0  __scatter.o ABSOLUTE
    ../../angel/startup.s                    0x00000000   Number         0  __main.o ABSOLUTE
    ../../angel/sys.s                        0x00000000   Number         0  use_no_semi.o ABSOLUTE
    ../../angel/sys.s                        0x00000000   Number         0  libspace.o ABSOLUTE
    ../../angel/sys.s                        0x00000000   Number         0  sys_stackheap_outer.o ABSOLUTE
    ../../angel/sys.s                        0x00000000   Number         0  tempstk.o ABSOLUTE
    ../../angel/sys.s                        0x00000000   Number         0  indicate_semi.o ABSOLUTE
    ../../angel/sysapp.c                     0x00000000   Number         0  sys_exit.o ABSOLUTE
    ../../angel/sysapp.c                     0x00000000   Number         0  sys_command.o ABSOLUTE
    ../../armsys.c                           0x00000000   Number         0  argv_veneer.o ABSOLUTE
    ../../armsys.c                           0x00000000   Number         0  _get_argv_nomalloc.o ABSOLUTE
    ../../armsys.c                           0x00000000   Number         0  no_argv.o ABSOLUTE
    ../../cfplib/fpinit.c                    0x00000000   Number         0  fpinit.o ABSOLUTE
    ../../division.s                         0x00000000   Number         0  aeabi_sdiv_div0.o ABSOLUTE
    ../../division.s                         0x00000000   Number         0  aeabi_sdiv.o ABSOLUTE
    ../../heapalloc.c                        0x00000000   Number         0  hrguard.o ABSOLUTE
    ../../heapaux.c                          0x00000000   Number         0  heapauxi.o ABSOLUTE
    ../../libinit.s                          0x00000000   Number         0  libshutdown2.o ABSOLUTE
    ../../libinit.s                          0x00000000   Number         0  libinit.o ABSOLUTE
    ../../libinit.s                          0x00000000   Number         0  libinit2.o ABSOLUTE
    ../../libinit.s                          0x00000000   Number         0  libshutdown.o ABSOLUTE
    ../../memcpset.c                         0x00000000   Number         0  rt_memcpy.o ABSOLUTE
    ../../memcpset.c                         0x00000000   Number         0  rt_memcpy.o ABSOLUTE
    ../../misc.s                             0x00000000   Number         0  printf_stubs.o ABSOLUTE
    ../../signal.c                           0x00000000   Number         0  defsig_fpe_inner.o ABSOLUTE
    ../../signal.c                           0x00000000   Number         0  defsig_exit.o ABSOLUTE
    ../../signal.c                           0x00000000   Number         0  defsig_rtred_inner.o ABSOLUTE
    ../../signal.c                           0x00000000   Number         0  defsig_fpe_formal.o ABSOLUTE
    ../../signal.c                           0x00000000   Number         0  defsig_fpe_outer.o ABSOLUTE
    ../../signal.c                           0x00000000   Number         0  defsig_general.o ABSOLUTE
    ../../signal.c                           0x00000000   Number         0  defsig_abrt_inner.o ABSOLUTE
    ../../signal.c                           0x00000000   Number         0  defsig_rtmem_inner.o ABSOLUTE
    ../../signal.c                           0x00000000   Number         0  defsig_rtmem_outer.o ABSOLUTE
    ../../signal.c                           0x00000000   Number         0  __raise.o ABSOLUTE
    ../../signal.c                           0x00000000   Number         0  defsig_rtmem_formal.o ABSOLUTE
    ../../signal.c                           0x00000000   Number         0  defsig_stak_inner.o ABSOLUTE
    ../../signal.c                           0x00000000   Number         0  defsig_pvfn_inner.o ABSOLUTE
    ../../signal.c                           0x00000000   Number         0  defsig_cppl_inner.o ABSOLUTE
    ../../signal.c                           0x00000000   Number         0  defsig_segv_inner.o ABSOLUTE
    ../../signal.c                           0x00000000   Number         0  defsig_other.o ABSOLUTE
    ../../signal.s                           0x00000000   Number         0  defsig.o ABSOLUTE
    ../../stdlib.c                           0x00000000   Number         0  exit.o ABSOLUTE
    ..\..\..\..\CMSIS\CM0\CoreSupport\core_cm0.c 0x00000000   Number         0  core_cm0.o ABSOLUTE
    ..\..\..\..\CMSIS\CM0\DeviceSupport\Nuvoton\NUC1xx\startup\arm\startup_NUC1xx.s 0x00000000   Number         0  startup_nuc1xx.o ABSOLUTE
    ..\..\..\..\CMSIS\CM0\DeviceSupport\Nuvoton\NUC1xx\system_NUC1xx.c 0x00000000   Number         0  system_nuc1xx.o ABSOLUTE
    ..\..\..\Src\Driver\DrvGPIO.c            0x00000000   Number         0  drvgpio.o ABSOLUTE
    ..\..\..\Src\Driver\DrvPWM.c             0x00000000   Number         0  drvpwm.o ABSOLUTE
    ..\..\..\Src\Driver\DrvSYS.c             0x00000000   Number         0  drvsys.o ABSOLUTE
    ..\..\..\Src\Driver\retarget.c           0x00000000   Number         0  retarget.o ABSOLUTE
    ..\..\..\Src\NUC1xx-LB_002\Ascii_Table.C 0x00000000   Number         0  ascii_table.o ABSOLUTE
    ..\\..\\..\\..\\CMSIS\\CM0\\CoreSupport\\core_cm0.c 0x00000000   Number         0  core_cm0.o ABSOLUTE
    Test_PWM_Tone.c                          0x00000000   Number         0  test_pwm_tone.o ABSOLUTE
    !!!main                                  0x000000c0   Section        8  __main.o(!!!main)
    !!!scatter                               0x000000c8   Section       60  __scatter.o(!!!scatter)
    !!handler_copy                           0x00000104   Section       26  __scatter_copy.o(!!handler_copy)
    !!handler_zi                             0x00000120   Section       28  __scatter_zi.o(!!handler_zi)
    .ARM.Collect$$libinit$$00000000          0x0000013c   Section        6  libinit.o(.ARM.Collect$$libinit$$00000000)
    .ARM.Collect$$libinit$$00000006          0x00000142   Section        0  libinit2.o(.ARM.Collect$$libinit$$00000006)
    .ARM.Collect$$libinit$$00000008          0x00000142   Section        0  libinit2.o(.ARM.Collect$$libinit$$00000008)
    .ARM.Collect$$libinit$$0000000A          0x00000142   Section        0  libinit2.o(.ARM.Collect$$libinit$$0000000A)
    .ARM.Collect$$libinit$$0000000D          0x00000142   Section        0  libinit2.o(.ARM.Collect$$libinit$$0000000D)
    .ARM.Collect$$libinit$$0000000F          0x00000142   Section        0  libinit2.o(.ARM.Collect$$libinit$$0000000F)
    .ARM.Collect$$libinit$$00000011          0x00000142   Section        0  libinit2.o(.ARM.Collect$$libinit$$00000011)
    .ARM.Collect$$libinit$$00000013          0x00000142   Section        0  libinit2.o(.ARM.Collect$$libinit$$00000013)
    .ARM.Collect$$libinit$$00000015          0x00000142   Section        0  libinit2.o(.ARM.Collect$$libinit$$00000015)
    .ARM.Collect$$libinit$$00000017          0x00000142   Section        0  libinit2.o(.ARM.Collect$$libinit$$00000017)
    .ARM.Collect$$libinit$$00000019          0x00000142   Section        0  libinit2.o(.ARM.Collect$$libinit$$00000019)
    .ARM.Collect$$libinit$$0000001B          0x00000142   Section        0  libinit2.o(.ARM.Collect$$libinit$$0000001B)
    .ARM.Collect$$libinit$$0000001D          0x00000142   Section        0  libinit2.o(.ARM.Collect$$libinit$$0000001D)
    .ARM.Collect$$libinit$$0000001F          0x00000142   Section        0  libinit2.o(.ARM.Collect$$libinit$$0000001F)
    .ARM.Collect$$libinit$$00000021          0x00000142   Section        0  libinit2.o(.ARM.Collect$$libinit$$00000021)
    .ARM.Collect$$libinit$$00000028          0x00000142   Section        0  libinit2.o(.ARM.Collect$$libinit$$00000028)
    .ARM.Collect$$libinit$$0000002A          0x00000142   Section        0  libinit2.o(.ARM.Collect$$libinit$$0000002A)
    .ARM.Collect$$libinit$$0000002C          0x00000142   Section        0  libinit2.o(.ARM.Collect$$libinit$$0000002C)
    .ARM.Collect$$libinit$$0000002E          0x00000142   Section        0  libinit2.o(.ARM.Collect$$libinit$$0000002E)
    .ARM.Collect$$libinit$$0000002F          0x00000142   Section        2  libinit2.o(.ARM.Collect$$libinit$$0000002F)
    .ARM.Collect$$libshutdown$$00000000      0x00000144   Section        2  libshutdown.o(.ARM.Collect$$libshutdown$$00000000)
    .ARM.Collect$$libshutdown$$00000003      0x00000146   Section        0  libshutdown2.o(.ARM.Collect$$libshutdown$$00000003)
    .ARM.Collect$$libshutdown$$00000006      0x00000146   Section        0  libshutdown2.o(.ARM.Collect$$libshutdown$$00000006)
    .ARM.Collect$$libshutdown$$00000009      0x00000146   Section        0  libshutdown2.o(.ARM.Collect$$libshutdown$$00000009)
    .ARM.Collect$$libshutdown$$0000000B      0x00000146   Section        0  libshutdown2.o(.ARM.Collect$$libshutdown$$0000000B)
    .ARM.Collect$$libshutdown$$0000000E      0x00000146   Section        0  libshutdown2.o(.ARM.Collect$$libshutdown$$0000000E)
    .ARM.Collect$$libshutdown$$0000000F      0x00000146   Section        2  libshutdown2.o(.ARM.Collect$$libshutdown$$0000000F)
    .ARM.Collect$$rtentry$$00000000          0x00000148   Section        0  rtentry.o(.ARM.Collect$$rtentry$$00000000)
    .ARM.Collect$$rtentry$$00000002          0x00000148   Section        0  rtentry2.o(.ARM.Collect$$rtentry$$00000002)
    .ARM.Collect$$rtentry$$00000004          0x00000148   Section        6  rtentry4.o(.ARM.Collect$$rtentry$$00000004)
    .ARM.Collect$$rtentry$$00000009          0x0000014e   Section        0  rtentry2.o(.ARM.Collect$$rtentry$$00000009)
    .ARM.Collect$$rtentry$$0000000A          0x0000014e   Section        4  rtentry2.o(.ARM.Collect$$rtentry$$0000000A)
    .ARM.Collect$$rtentry$$0000000C          0x00000152   Section        0  rtentry2.o(.ARM.Collect$$rtentry$$0000000C)
    .ARM.Collect$$rtentry$$0000000D          0x00000152   Section        8  rtentry2.o(.ARM.Collect$$rtentry$$0000000D)
    .ARM.Collect$$rtexit$$00000000           0x0000015a   Section        2  rtexit.o(.ARM.Collect$$rtexit$$00000000)
    .ARM.Collect$$rtexit$$00000002           0x0000015c   Section        0  rtexit2.o(.ARM.Collect$$rtexit$$00000002)
    .ARM.Collect$$rtexit$$00000003           0x0000015c   Section        4  rtexit2.o(.ARM.Collect$$rtexit$$00000003)
    .ARM.Collect$$rtexit$$00000004           0x00000160   Section        6  rtexit2.o(.ARM.Collect$$rtexit$$00000004)
    .emb_text                                0x00000168   Section       56  rt_memcpy.o(.emb_text)
    .text                                    0x000001a0   Section      100  startup_nuc1xx.o(.text)
    Default_Handler                          0x000001cb   Thumb Code     2  startup_nuc1xx.o(.text)
    .text                                    0x00000204   Section        0  exit.o(.text)
    .text                                    0x00000210   Section      346  aeabi_sdiv.o(.text)
    .text                                    0x0000036a   Section        0  heapauxi.o(.text)
    .text                                    0x00000370   Section        0  sys_exit.o(.text)
    .text                                    0x0000037c   Section       62  sys_stackheap_outer.o(.text)
    .text                                    0x000003bc   Section        8  libspace.o(.text)
    .text                                    0x000003c4   Section        2  use_no_semi.o(.text)
    .text                                    0x000003c6   Section        0  indicate_semi.o(.text)
    i.BOD_IRQHandler                         0x000003c8   Section        0  drvsys.o(i.BOD_IRQHandler)
    i.DrvSYS_Delay                           0x000003f0   Section        0  drvsys.o(i.DrvSYS_Delay)
    i.EINT0_IRQHandler                       0x0000041c   Section        0  drvgpio.o(i.EINT0_IRQHandler)
    i.EINT1_IRQHandler                       0x00000440   Section        0  drvgpio.o(i.EINT1_IRQHandler)
    i.GPAB_IRQHandler                        0x00000464   Section        0  drvgpio.o(i.GPAB_IRQHandler)
    i.GPCDE_IRQHandler                       0x000004a0   Section        0  drvgpio.o(i.GPCDE_IRQHandler)
    i.InitHCLK12M                            0x000004e0   Section        0  test_pwm_tone.o(i.InitHCLK12M)
    i.InitPWM                                0x00000518   Section        0  test_pwm_tone.o(i.InitPWM)
    i.InitTIMER0                             0x000005bc   Section        0  test_pwm_tone.o(i.InitTIMER0)
    i.InitTIMER1                             0x00000640   Section        0  test_pwm_tone.o(i.InitTIMER1)
    i.InitTIMER2                             0x000006c4   Section        0  test_pwm_tone.o(i.InitTIMER2)
    i.InitTIMER3                             0x00000748   Section        0  test_pwm_tone.o(i.InitTIMER3)
    i.Initial_Lcd                            0x000007cc   Section        0  test_pwm_tone.o(i.Initial_Lcd)
    i.NVIC_EnableIRQ                         0x00000aa8   Section        0  test_pwm_tone.o(i.NVIC_EnableIRQ)
    NVIC_EnableIRQ                           0x00000aa9   Thumb Code    14  test_pwm_tone.o(i.NVIC_EnableIRQ)
    i.PWM4_Freq                              0x00000abc   Section        0  test_pwm_tone.o(i.PWM4_Freq)
    i.PWMA_IRQHandler                        0x00000b70   Section        0  drvpwm.o(i.PWMA_IRQHandler)
    i.PWMB_IRQHandler                        0x00000cd4   Section        0  drvpwm.o(i.PWMB_IRQHandler)
    i.PWRWU_IRQHandler                       0x00000e38   Section        0  drvsys.o(i.PWRWU_IRQHandler)
    i.SystemInit                             0x00000e60   Section        0  system_nuc1xx.o(i.SystemInit)
    i.TMR0_IRQHandler                        0x00000e64   Section        0  test_pwm_tone.o(i.TMR0_IRQHandler)
    i.TMR1_IRQHandler                        0x00000f28   Section        0  test_pwm_tone.o(i.TMR1_IRQHandler)
    i.TMR2_IRQHandler                        0x00000ffc   Section        0  test_pwm_tone.o(i.TMR2_IRQHandler)
    i.TMR3_IRQHandler                        0x00001060   Section        0  test_pwm_tone.o(i.TMR3_IRQHandler)
    i.Tone_Freq                              0x00001090   Section        0  test_pwm_tone.o(i.Tone_Freq)
    i.__ARM_common_switch8                   0x00001114   Section        0  test_pwm_tone.o(i.__ARM_common_switch8)
    i.clearsavepeople                        0x00001130   Section        0  test_pwm_tone.o(i.clearsavepeople)
    i.draw                                   0x00001170   Section        0  test_pwm_tone.o(i.draw)
    i.drawfinal                              0x00001238   Section        0  test_pwm_tone.o(i.drawfinal)
    i.drawgameover                           0x000012a4   Section        0  test_pwm_tone.o(i.drawgameover)
    i.drawsavepeople                         0x00001310   Section        0  test_pwm_tone.o(i.drawsavepeople)
    i.main                                   0x00001394   Section        0  test_pwm_tone.o(i.main)
    .constdata                               0x00002be8   Section    10904  test_pwm_tone.o(.constdata)
    startmap1                                0x00002be8   Data         768  test_pwm_tone.o(.constdata)
    startmap2                                0x00002ee8   Data         256  test_pwm_tone.o(.constdata)
    mission1                                 0x00002fe8   Data        1024  test_pwm_tone.o(.constdata)
    background1                              0x000033e8   Data        1024  test_pwm_tone.o(.constdata)
    killer                                   0x000037e8   Data          84  test_pwm_tone.o(.constdata)
    umbra                                    0x0000383c   Data          68  test_pwm_tone.o(.constdata)
    run                                      0x00003880   Data          84  test_pwm_tone.o(.constdata)
    baggage                                  0x000038d4   Data          76  test_pwm_tone.o(.constdata)
    lworker                                  0x00003920   Data         175  test_pwm_tone.o(.constdata)
    rworker                                  0x000039cf   Data         175  test_pwm_tone.o(.constdata)
    gameover                                 0x00003a7e   Data        1024  test_pwm_tone.o(.constdata)
    pointer                                  0x00003e7e   Data           8  test_pwm_tone.o(.constdata)
    goodjob                                  0x00003e86   Data         256  test_pwm_tone.o(.constdata)
    awesome                                  0x00003f86   Data         256  test_pwm_tone.o(.constdata)
    mission2                                 0x00004086   Data        1024  test_pwm_tone.o(.constdata)
    background2                              0x00004486   Data        1024  test_pwm_tone.o(.constdata)
    rope                                     0x00004886   Data           8  test_pwm_tone.o(.constdata)
    mission3                                 0x0000488e   Data        1024  test_pwm_tone.o(.constdata)
    ball                                     0x00004c8e   Data           8  test_pwm_tone.o(.constdata)
    biggun                                   0x00004c96   Data          78  test_pwm_tone.o(.constdata)
    mission4                                 0x00004ce4   Data        1024  test_pwm_tone.o(.constdata)
    jjdie                                    0x000050e4   Data          68  test_pwm_tone.o(.constdata)
    hero                                     0x00005128   Data         152  test_pwm_tone.o(.constdata)
    heroatt                                  0x000051c0   Data         120  test_pwm_tone.o(.constdata)
    hey                                      0x00005238   Data          26  test_pwm_tone.o(.constdata)
    finish                                   0x00005252   Data        1024  test_pwm_tone.o(.constdata)
    .data                                    0x20000000   Section       28  system_nuc1xx.o(.data)
    .data                                    0x2000001c   Section      161  test_pwm_tone.o(.data)
    .data                                    0x200000c0   Section       16  drvgpio.o(.data)
    _pfGPABCallback                          0x200000c0   Data           4  drvgpio.o(.data)
    _pfGPCDECallback                         0x200000c4   Data           4  drvgpio.o(.data)
    _pfEINT0Callback                         0x200000c8   Data           4  drvgpio.o(.data)
    _pfEINT1Callback                         0x200000cc   Data           4  drvgpio.o(.data)
    .data                                    0x200000d0   Section        4  drvpwm.o(.data)
    s_i32Option                              0x200000d0   Data           4  drvpwm.o(.data)
    .data                                    0x200000d4   Section        8  drvsys.o(.data)
    BOD_callbackFn                           0x200000d4   Data           4  drvsys.o(.data)
    PWRWU_callbackFn                         0x200000d8   Data           4  drvsys.o(.data)
    .bss                                     0x200000dc   Section       64  drvpwm.o(.bss)
    g_sDrvPWMAHandler                        0x200000dc   Data          32  drvpwm.o(.bss)
    g_sDrvPWMBHandler                        0x200000fc   Data          32  drvpwm.o(.bss)
    .bss                                     0x2000011c   Section       96  libspace.o(.bss)
    HEAP                                     0x20000180   Section        0  startup_nuc1xx.o(HEAP)
    STACK                                    0x20000180   Section     1024  startup_nuc1xx.o(STACK)
    Heap_Mem                                 0x20000180   Data           0  startup_nuc1xx.o(HEAP)
    Stack_Mem                                0x20000180   Data        1024  startup_nuc1xx.o(STACK)
    __initial_sp                             0x20000580   Data           0  startup_nuc1xx.o(STACK)

    Global Symbols

    Symbol Name                              Value     Ov Type        Size  Object(Section)

    BuildAttributes$$THM_ISAv3M$S$PE$A:L22$X:L11$S22$IEEE1$IW$USESV6$~STKCKD$USESV7$~SHL$OSPACE$ROPI$EBA8$UX$STANDARDLIB$REQ8$PRES8$EABIv2 0x00000000   Number         0  anon$$obj.o ABSOLUTE
    __ARM_use_no_argv                        0x00000000   Number         0  test_pwm_tone.o ABSOLUTE
    __Vectors                                0x00000000   Data           4  startup_nuc1xx.o(RESET)
    _printf_flags                            0x00000000   Number         0  printf_stubs.o ABSOLUTE
    _printf_return_value                     0x00000000   Number         0  printf_stubs.o ABSOLUTE
    _printf_sizespec                         0x00000000   Number         0  printf_stubs.o ABSOLUTE
    _printf_widthprec                        0x00000000   Number         0  printf_stubs.o ABSOLUTE
    __ARM_exceptions_init                     - Undefined Weak Reference
    __alloca_initialize                       - Undefined Weak Reference
    __cpp_initialize__aeabi_                  - Undefined Weak Reference
    __cxa_finalize                            - Undefined Weak Reference
    __rt_locale                               - Undefined Weak Reference
    __sigvec_lookup                           - Undefined Weak Reference
    _atexit_init                              - Undefined Weak Reference
    _call_atexit_fns                          - Undefined Weak Reference
    _clock_init                               - Undefined Weak Reference
    _fp_trap_init                             - Undefined Weak Reference
    _fp_trap_shutdown                         - Undefined Weak Reference
    _get_lc_collate                           - Undefined Weak Reference
    _get_lc_ctype                             - Undefined Weak Reference
    _get_lc_monetary                          - Undefined Weak Reference
    _get_lc_numeric                           - Undefined Weak Reference
    _get_lc_time                              - Undefined Weak Reference
    _getenv_init                              - Undefined Weak Reference
    _handle_redirection                       - Undefined Weak Reference
    _init_alloc                               - Undefined Weak Reference
    _init_user_alloc                          - Undefined Weak Reference
    _initio                                   - Undefined Weak Reference
    _rand_init                                - Undefined Weak Reference
    _signal_finish                            - Undefined Weak Reference
    _signal_init                              - Undefined Weak Reference
    _terminate_alloc                          - Undefined Weak Reference
    _terminate_user_alloc                     - Undefined Weak Reference
    _terminateio                              - Undefined Weak Reference
    __main                                   0x000000c1   Thumb Code     8  __main.o(!!!main)
    __scatterload                            0x000000c9   Thumb Code     0  __scatter.o(!!!scatter)
    __scatterload_rt2                        0x000000c9   Thumb Code    52  __scatter.o(!!!scatter)
    __scatterload_rt2_thumb_only             0x000000c9   Thumb Code     0  __scatter.o(!!!scatter)
    __scatterload_null                       0x000000d9   Thumb Code     0  __scatter.o(!!!scatter)
    __scatterload_copy                       0x00000105   Thumb Code    26  __scatter_copy.o(!!handler_copy)
    __scatterload_zeroinit                   0x00000121   Thumb Code    28  __scatter_zi.o(!!handler_zi)
    __rt_lib_init                            0x0000013d   Thumb Code     0  libinit.o(.ARM.Collect$$libinit$$00000000)
    __rt_lib_init_alloca_1                   0x00000143   Thumb Code     0  libinit2.o(.ARM.Collect$$libinit$$0000002A)
    __rt_lib_init_argv_1                     0x00000143   Thumb Code     0  libinit2.o(.ARM.Collect$$libinit$$00000028)
    __rt_lib_init_atexit_1                   0x00000143   Thumb Code     0  libinit2.o(.ARM.Collect$$libinit$$00000017)
    __rt_lib_init_clock_1                    0x00000143   Thumb Code     0  libinit2.o(.ARM.Collect$$libinit$$0000001D)
    __rt_lib_init_cpp_1                      0x00000143   Thumb Code     0  libinit2.o(.ARM.Collect$$libinit$$0000002E)
    __rt_lib_init_exceptions_1               0x00000143   Thumb Code     0  libinit2.o(.ARM.Collect$$libinit$$0000002C)
    __rt_lib_init_fp_trap_1                  0x00000143   Thumb Code     0  libinit2.o(.ARM.Collect$$libinit$$0000001B)
    __rt_lib_init_getenv_1                   0x00000143   Thumb Code     0  libinit2.o(.ARM.Collect$$libinit$$0000001F)
    __rt_lib_init_heap_1                     0x00000143   Thumb Code     0  libinit2.o(.ARM.Collect$$libinit$$00000006)
    __rt_lib_init_lc_collate_1               0x00000143   Thumb Code     0  libinit2.o(.ARM.Collect$$libinit$$0000000D)
    __rt_lib_init_lc_ctype_1                 0x00000143   Thumb Code     0  libinit2.o(.ARM.Collect$$libinit$$0000000F)
    __rt_lib_init_lc_monetary_1              0x00000143   Thumb Code     0  libinit2.o(.ARM.Collect$$libinit$$00000011)
    __rt_lib_init_lc_numeric_1               0x00000143   Thumb Code     0  libinit2.o(.ARM.Collect$$libinit$$00000013)
    __rt_lib_init_lc_time_1                  0x00000143   Thumb Code     0  libinit2.o(.ARM.Collect$$libinit$$00000015)
    __rt_lib_init_rand_1                     0x00000143   Thumb Code     0  libinit2.o(.ARM.Collect$$libinit$$0000000A)
    __rt_lib_init_return                     0x00000143   Thumb Code     0  libinit2.o(.ARM.Collect$$libinit$$0000002F)
    __rt_lib_init_signal_1                   0x00000143   Thumb Code     0  libinit2.o(.ARM.Collect$$libinit$$00000019)
    __rt_lib_init_stdio_1                    0x00000143   Thumb Code     0  libinit2.o(.ARM.Collect$$libinit$$00000021)
    __rt_lib_init_user_alloc_1               0x00000143   Thumb Code     0  libinit2.o(.ARM.Collect$$libinit$$00000008)
    __rt_lib_shutdown                        0x00000145   Thumb Code     0  libshutdown.o(.ARM.Collect$$libshutdown$$00000000)
    __rt_lib_shutdown_fp_trap_1              0x00000147   Thumb Code     0  libshutdown2.o(.ARM.Collect$$libshutdown$$00000006)
    __rt_lib_shutdown_heap_1                 0x00000147   Thumb Code     0  libshutdown2.o(.ARM.Collect$$libshutdown$$0000000E)
    __rt_lib_shutdown_return                 0x00000147   Thumb Code     0  libshutdown2.o(.ARM.Collect$$libshutdown$$0000000F)
    __rt_lib_shutdown_signal_1               0x00000147   Thumb Code     0  libshutdown2.o(.ARM.Collect$$libshutdown$$00000009)
    __rt_lib_shutdown_stdio_1                0x00000147   Thumb Code     0  libshutdown2.o(.ARM.Collect$$libshutdown$$00000003)
    __rt_lib_shutdown_user_alloc_1           0x00000147   Thumb Code     0  libshutdown2.o(.ARM.Collect$$libshutdown$$0000000B)
    __rt_entry                               0x00000149   Thumb Code     0  rtentry.o(.ARM.Collect$$rtentry$$00000000)
    __rt_entry_presh_1                       0x00000149   Thumb Code     0  rtentry2.o(.ARM.Collect$$rtentry$$00000002)
    __rt_entry_sh                            0x00000149   Thumb Code     0  rtentry4.o(.ARM.Collect$$rtentry$$00000004)
    __rt_entry_li                            0x0000014f   Thumb Code     0  rtentry2.o(.ARM.Collect$$rtentry$$0000000A)
    __rt_entry_postsh_1                      0x0000014f   Thumb Code     0  rtentry2.o(.ARM.Collect$$rtentry$$00000009)
    __rt_entry_main                          0x00000153   Thumb Code     0  rtentry2.o(.ARM.Collect$$rtentry$$0000000D)
    __rt_entry_postli_1                      0x00000153   Thumb Code     0  rtentry2.o(.ARM.Collect$$rtentry$$0000000C)
    __rt_exit                                0x0000015b   Thumb Code     0  rtexit.o(.ARM.Collect$$rtexit$$00000000)
    __rt_exit_ls                             0x0000015d   Thumb Code     0  rtexit2.o(.ARM.Collect$$rtexit$$00000003)
    __rt_exit_prels_1                        0x0000015d   Thumb Code     0  rtexit2.o(.ARM.Collect$$rtexit$$00000002)
    __rt_exit_exit                           0x00000161   Thumb Code     0  rtexit2.o(.ARM.Collect$$rtexit$$00000004)
    __aeabi_memcpy4                          0x00000169   Thumb Code    56  rt_memcpy.o(.emb_text)
    __aeabi_memcpy8                          0x00000169   Thumb Code     0  rt_memcpy.o(.emb_text)
    Reset_Handler                            0x000001a1   Thumb Code    32  startup_nuc1xx.o(.text)
    NMI_Handler                              0x000001c1   Thumb Code     2  startup_nuc1xx.o(.text)
    HardFault_Handler                        0x000001c3   Thumb Code     2  startup_nuc1xx.o(.text)
    SVC_Handler                              0x000001c5   Thumb Code     2  startup_nuc1xx.o(.text)
    PendSV_Handler                           0x000001c7   Thumb Code     2  startup_nuc1xx.o(.text)
    SysTick_Handler                          0x000001c9   Thumb Code     2  startup_nuc1xx.o(.text)
    ACMP_IRQHandler                          0x000001cb   Thumb Code     0  startup_nuc1xx.o(.text)
    ADC_IRQHandler                           0x000001cb   Thumb Code     0  startup_nuc1xx.o(.text)
    CAN0_IRQHandler                          0x000001cb   Thumb Code     0  startup_nuc1xx.o(.text)
    I2C0_IRQHandler                          0x000001cb   Thumb Code     0  startup_nuc1xx.o(.text)
    I2C1_IRQHandler                          0x000001cb   Thumb Code     0  startup_nuc1xx.o(.text)
    I2S_IRQHandler                           0x000001cb   Thumb Code     0  startup_nuc1xx.o(.text)
    PDMA_IRQHandler                          0x000001cb   Thumb Code     0  startup_nuc1xx.o(.text)
    PS2_IRQHandler                           0x000001cb   Thumb Code     0  startup_nuc1xx.o(.text)
    RTC_IRQHandler                           0x000001cb   Thumb Code     0  startup_nuc1xx.o(.text)
    SPI0_IRQHandler                          0x000001cb   Thumb Code     0  startup_nuc1xx.o(.text)
    SPI1_IRQHandler                          0x000001cb   Thumb Code     0  startup_nuc1xx.o(.text)
    SPI2_IRQHandler                          0x000001cb   Thumb Code     0  startup_nuc1xx.o(.text)
    SPI3_IRQHandler                          0x000001cb   Thumb Code     0  startup_nuc1xx.o(.text)
    UART02_IRQHandler                        0x000001cb   Thumb Code     0  startup_nuc1xx.o(.text)
    UART1_IRQHandler                         0x000001cb   Thumb Code     0  startup_nuc1xx.o(.text)
    USBD_IRQHandler                          0x000001cb   Thumb Code     0  startup_nuc1xx.o(.text)
    WDT_IRQHandler                           0x000001cb   Thumb Code     0  startup_nuc1xx.o(.text)
    __user_initial_stackheap                 0x000001cd   Thumb Code     0  startup_nuc1xx.o(.text)
    exit                                     0x00000205   Thumb Code    12  exit.o(.text)
    __aeabi_uidiv                            0x00000211   Thumb Code     0  aeabi_sdiv.o(.text)
    __aeabi_uidivmod                         0x00000211   Thumb Code    20  aeabi_sdiv.o(.text)
    __aeabi_idiv                             0x00000225   Thumb Code     0  aeabi_sdiv.o(.text)
    __aeabi_idivmod                          0x00000225   Thumb Code   326  aeabi_sdiv.o(.text)
    __use_two_region_memory                  0x0000036b   Thumb Code     2  heapauxi.o(.text)
    __rt_heap_escrow$2region                 0x0000036d   Thumb Code     2  heapauxi.o(.text)
    __rt_heap_expand$2region                 0x0000036f   Thumb Code     2  heapauxi.o(.text)
    _sys_exit                                0x00000371   Thumb Code     8  sys_exit.o(.text)
    __user_setup_stackheap                   0x0000037d   Thumb Code    62  sys_stackheap_outer.o(.text)
    __user_libspace                          0x000003bd   Thumb Code     8  libspace.o(.text)
    __user_perproc_libspace                  0x000003bd   Thumb Code     0  libspace.o(.text)
    __user_perthread_libspace                0x000003bd   Thumb Code     0  libspace.o(.text)
    __I$use$semihosting                      0x000003c5   Thumb Code     0  use_no_semi.o(.text)
    __use_no_semihosting_swi                 0x000003c5   Thumb Code     2  use_no_semi.o(.text)
    __semihosting_library_function           0x000003c7   Thumb Code     0  indicate_semi.o(.text)
    BOD_IRQHandler                           0x000003c9   Thumb Code    36  drvsys.o(i.BOD_IRQHandler)
    DrvSYS_Delay                             0x000003f1   Thumb Code    34  drvsys.o(i.DrvSYS_Delay)
    EINT0_IRQHandler                         0x0000041d   Thumb Code    26  drvgpio.o(i.EINT0_IRQHandler)
    EINT1_IRQHandler                         0x00000441   Thumb Code    26  drvgpio.o(i.EINT1_IRQHandler)
    GPAB_IRQHandler                          0x00000465   Thumb Code    52  drvgpio.o(i.GPAB_IRQHandler)
    GPCDE_IRQHandler                         0x000004a1   Thumb Code    56  drvgpio.o(i.GPCDE_IRQHandler)
    InitHCLK12M                              0x000004e1   Thumb Code    46  test_pwm_tone.o(i.InitHCLK12M)
    InitPWM                                  0x00000519   Thumb Code   148  test_pwm_tone.o(i.InitPWM)
    InitTIMER0                               0x000005bd   Thumb Code   118  test_pwm_tone.o(i.InitTIMER0)
    InitTIMER1                               0x00000641   Thumb Code   118  test_pwm_tone.o(i.InitTIMER1)
    InitTIMER2                               0x000006c5   Thumb Code   118  test_pwm_tone.o(i.InitTIMER2)
    InitTIMER3                               0x00000749   Thumb Code   118  test_pwm_tone.o(i.InitTIMER3)
    Initial_Lcd                              0x000007cd   Thumb Code   722  test_pwm_tone.o(i.Initial_Lcd)
    PWM4_Freq                                0x00000abd   Thumb Code   164  test_pwm_tone.o(i.PWM4_Freq)
    PWMA_IRQHandler                          0x00000b71   Thumb Code   336  drvpwm.o(i.PWMA_IRQHandler)
    PWMB_IRQHandler                          0x00000cd5   Thumb Code   336  drvpwm.o(i.PWMB_IRQHandler)
    PWRWU_IRQHandler                         0x00000e39   Thumb Code    32  drvsys.o(i.PWRWU_IRQHandler)
    SystemInit                               0x00000e61   Thumb Code     2  system_nuc1xx.o(i.SystemInit)
    TMR0_IRQHandler                          0x00000e65   Thumb Code   158  test_pwm_tone.o(i.TMR0_IRQHandler)
    TMR1_IRQHandler                          0x00000f29   Thumb Code   188  test_pwm_tone.o(i.TMR1_IRQHandler)
    TMR2_IRQHandler                          0x00000ffd   Thumb Code    74  test_pwm_tone.o(i.TMR2_IRQHandler)
    TMR3_IRQHandler                          0x00001061   Thumb Code    40  test_pwm_tone.o(i.TMR3_IRQHandler)
    Tone_Freq                                0x00001091   Thumb Code   118  test_pwm_tone.o(i.Tone_Freq)
    __ARM_common_switch8                     0x00001115   Thumb Code    28  test_pwm_tone.o(i.__ARM_common_switch8)
    clearsavepeople                          0x00001131   Thumb Code    54  test_pwm_tone.o(i.clearsavepeople)
    draw                                     0x00001171   Thumb Code   194  test_pwm_tone.o(i.draw)
    drawfinal                                0x00001239   Thumb Code    94  test_pwm_tone.o(i.drawfinal)
    drawgameover                             0x000012a5   Thumb Code    94  test_pwm_tone.o(i.drawgameover)
    drawsavepeople                           0x00001311   Thumb Code   112  test_pwm_tone.o(i.drawsavepeople)
    main                                     0x00001395   Thumb Code  6188  test_pwm_tone.o(i.main)
    Region$$Table$$Base                      0x00005680   Number         0  anon$$obj.o(Region$$Table)
    Region$$Table$$Limit                     0x000056a0   Number         0  anon$$obj.o(Region$$Table)
    SystemCoreClock                          0x20000000   Data           4  system_nuc1xx.o(.data)
    CyclesPerUs                              0x20000004   Data           4  system_nuc1xx.o(.data)
    gau32ClkSrcTbl                           0x20000008   Data          20  system_nuc1xx.o(.data)
    SPI_PORT                                 0x2000001c   Data          16  test_pwm_tone.o(.data)
    old_x                                    0x2000002c   Data           1  test_pwm_tone.o(.data)
    old_x2                                   0x2000002d   Data           1  test_pwm_tone.o(.data)
    locx                                     0x2000002e   Data           1  test_pwm_tone.o(.data)
    t                                        0x2000002f   Data           1  test_pwm_tone.o(.data)
    old_x3                                   0x20000030   Data           1  test_pwm_tone.o(.data)
    old_y3                                   0x20000031   Data           1  test_pwm_tone.o(.data)
    d                                        0x20000032   Data           1  test_pwm_tone.o(.data)
    locrope                                  0x20000033   Data           1  test_pwm_tone.o(.data)
    rand                                     0x20000034   Data           1  test_pwm_tone.o(.data)
    locx3                                    0x20000035   Data           1  test_pwm_tone.o(.data)
    mcatch                                   0x20000036   Data           3  test_pwm_tone.o(.data)
    mstart                                   0x20000039   Data          55  test_pwm_tone.o(.data)
    i                                        0x20000070   Data           1  test_pwm_tone.o(.data)
    old_y2                                   0x20000074   Data           4  test_pwm_tone.o(.data)
    gametime                                 0x20000078   Data           4  test_pwm_tone.o(.data)
    start                                    0x2000007c   Data           4  test_pwm_tone.o(.data)
    savetime                                 0x20000080   Data           4  test_pwm_tone.o(.data)
    final                                    0x20000084   Data           4  test_pwm_tone.o(.data)
    lochero                                  0x20000088   Data           4  test_pwm_tone.o(.data)
    lockiller                                0x2000008c   Data           4  test_pwm_tone.o(.data)
    locjj                                    0x20000090   Data           4  test_pwm_tone.o(.data)
    save                                     0x20000094   Data           4  test_pwm_tone.o(.data)
    press                                    0x20000098   Data           4  test_pwm_tone.o(.data)
    press2                                   0x2000009c   Data           4  test_pwm_tone.o(.data)
    pull                                     0x200000a0   Data           4  test_pwm_tone.o(.data)
    side                                     0x200000a4   Data           4  test_pwm_tone.o(.data)
    score                                    0x200000a8   Data           4  test_pwm_tone.o(.data)
    locy                                     0x200000ac   Data           1  test_pwm_tone.o(.data)
    m                                        0x200000ad   Data           1  test_pwm_tone.o(.data)
    delay                                    0x200000ae   Data           1  test_pwm_tone.o(.data)
    temp                                     0x200000af   Data           1  test_pwm_tone.o(.data)
    x                                        0x200000b0   Data           4  test_pwm_tone.o(.data)
    y                                        0x200000b4   Data           4  test_pwm_tone.o(.data)
    l                                        0x200000b8   Data           4  test_pwm_tone.o(.data)
    duty_cycle                               0x200000bc   Data           1  test_pwm_tone.o(.data)
    __libspace_start                         0x2000011c   Data          96  libspace.o(.bss)
    __temporary_stack_top$libspace           0x2000017c   Data           0  libspace.o(.bss)



==============================================================================

Memory Map of the image

  Image Entry point : 0x000001a1

  Load Region LR_1 (Base: 0x00000000, Size: 0x0000577c, Max: 0xffffffff, ABSOLUTE)

    Execution Region ER_RO (Base: 0x00000000, Size: 0x000056a0, Max: 0xffffffff, ABSOLUTE)

    Base Addr    Size         Type   Attr      Idx    E Section Name        Object

    0x00000000   0x000000c0   Data   RO           55    RESET               startup_nuc1xx.o
    0x000000c0   0x00000008   Code   RO         1010  * !!!main             c_p.l(__main.o)
    0x000000c8   0x0000003c   Code   RO         1170    !!!scatter          c_p.l(__scatter.o)
    0x00000104   0x0000001a   Code   RO         1172    !!handler_copy      c_p.l(__scatter_copy.o)
    0x0000011e   0x00000002   PAD
    0x00000120   0x0000001c   Code   RO         1174    !!handler_zi        c_p.l(__scatter_zi.o)
    0x0000013c   0x00000006   Code   RO         1059    .ARM.Collect$$libinit$$00000000  c_p.l(libinit.o)
    0x00000142   0x00000000   Code   RO         1076    .ARM.Collect$$libinit$$00000006  c_p.l(libinit2.o)
    0x00000142   0x00000000   Code   RO         1078    .ARM.Collect$$libinit$$00000008  c_p.l(libinit2.o)
    0x00000142   0x00000000   Code   RO         1080    .ARM.Collect$$libinit$$0000000A  c_p.l(libinit2.o)
    0x00000142   0x00000000   Code   RO         1083    .ARM.Collect$$libinit$$0000000D  c_p.l(libinit2.o)
    0x00000142   0x00000000   Code   RO         1085    .ARM.Collect$$libinit$$0000000F  c_p.l(libinit2.o)
    0x00000142   0x00000000   Code   RO         1087    .ARM.Collect$$libinit$$00000011  c_p.l(libinit2.o)
    0x00000142   0x00000000   Code   RO         1089    .ARM.Collect$$libinit$$00000013  c_p.l(libinit2.o)
    0x00000142   0x00000000   Code   RO         1091    .ARM.Collect$$libinit$$00000015  c_p.l(libinit2.o)
    0x00000142   0x00000000   Code   RO         1093    .ARM.Collect$$libinit$$00000017  c_p.l(libinit2.o)
    0x00000142   0x00000000   Code   RO         1095    .ARM.Collect$$libinit$$00000019  c_p.l(libinit2.o)
    0x00000142   0x00000000   Code   RO         1097    .ARM.Collect$$libinit$$0000001B  c_p.l(libinit2.o)
    0x00000142   0x00000000   Code   RO         1099    .ARM.Collect$$libinit$$0000001D  c_p.l(libinit2.o)
    0x00000142   0x00000000   Code   RO         1101    .ARM.Collect$$libinit$$0000001F  c_p.l(libinit2.o)
    0x00000142   0x00000000   Code   RO         1103    .ARM.Collect$$libinit$$00000021  c_p.l(libinit2.o)
    0x00000142   0x00000000   Code   RO         1107    .ARM.Collect$$libinit$$00000028  c_p.l(libinit2.o)
    0x00000142   0x00000000   Code   RO         1109    .ARM.Collect$$libinit$$0000002A  c_p.l(libinit2.o)
    0x00000142   0x00000000   Code   RO         1111    .ARM.Collect$$libinit$$0000002C  c_p.l(libinit2.o)
    0x00000142   0x00000000   Code   RO         1113    .ARM.Collect$$libinit$$0000002E  c_p.l(libinit2.o)
    0x00000142   0x00000002   Code   RO         1114    .ARM.Collect$$libinit$$0000002F  c_p.l(libinit2.o)
    0x00000144   0x00000002   Code   RO         1060    .ARM.Collect$$libshutdown$$00000000  c_p.l(libshutdown.o)
    0x00000146   0x00000000   Code   RO         1117    .ARM.Collect$$libshutdown$$00000003  c_p.l(libshutdown2.o)
    0x00000146   0x00000000   Code   RO         1120    .ARM.Collect$$libshutdown$$00000006  c_p.l(libshutdown2.o)
    0x00000146   0x00000000   Code   RO         1123    .ARM.Collect$$libshutdown$$00000009  c_p.l(libshutdown2.o)
    0x00000146   0x00000000   Code   RO         1125    .ARM.Collect$$libshutdown$$0000000B  c_p.l(libshutdown2.o)
    0x00000146   0x00000000   Code   RO         1128    .ARM.Collect$$libshutdown$$0000000E  c_p.l(libshutdown2.o)
    0x00000146   0x00000002   Code   RO         1129    .ARM.Collect$$libshutdown$$0000000F  c_p.l(libshutdown2.o)
    0x00000148   0x00000000   Code   RO         1012    .ARM.Collect$$rtentry$$00000000  c_p.l(rtentry.o)
    0x00000148   0x00000000   Code   RO         1020    .ARM.Collect$$rtentry$$00000002  c_p.l(rtentry2.o)
    0x00000148   0x00000006   Code   RO         1032    .ARM.Collect$$rtentry$$00000004  c_p.l(rtentry4.o)
    0x0000014e   0x00000000   Code   RO         1022    .ARM.Collect$$rtentry$$00000009  c_p.l(rtentry2.o)
    0x0000014e   0x00000004   Code   RO         1023    .ARM.Collect$$rtentry$$0000000A  c_p.l(rtentry2.o)
    0x00000152   0x00000000   Code   RO         1025    .ARM.Collect$$rtentry$$0000000C  c_p.l(rtentry2.o)
    0x00000152   0x00000008   Code   RO         1026    .ARM.Collect$$rtentry$$0000000D  c_p.l(rtentry2.o)
    0x0000015a   0x00000002   Code   RO         1013    .ARM.Collect$$rtexit$$00000000  c_p.l(rtexit.o)
    0x0000015c   0x00000000   Code   RO         1035    .ARM.Collect$$rtexit$$00000002  c_p.l(rtexit2.o)
    0x0000015c   0x00000004   Code   RO         1036    .ARM.Collect$$rtexit$$00000003  c_p.l(rtexit2.o)
    0x00000160   0x00000006   Code   RO         1037    .ARM.Collect$$rtexit$$00000004  c_p.l(rtexit2.o)
    0x00000166   0x00000002   PAD
    0x00000168   0x00000038   Code   RO         1000    .emb_text           c_p.l(rt_memcpy.o)
    0x000001a0   0x00000064   Code   RO           56  * .text               startup_nuc1xx.o
    0x00000204   0x0000000c   Code   RO          998    .text               c_p.l(exit.o)
    0x00000210   0x0000015a   Code   RO         1004    .text               c_p.l(aeabi_sdiv.o)
    0x0000036a   0x00000006   Code   RO         1008    .text               c_p.l(heapauxi.o)
    0x00000370   0x0000000c   Code   RO         1043    .text               c_p.l(sys_exit.o)
    0x0000037c   0x0000003e   Code   RO         1045    .text               c_p.l(sys_stackheap_outer.o)
    0x000003ba   0x00000002   PAD
    0x000003bc   0x00000008   Code   RO         1061    .text               c_p.l(libspace.o)
    0x000003c4   0x00000002   Code   RO         1064    .text               c_p.l(use_no_semi.o)
    0x000003c6   0x00000000   Code   RO         1066    .text               c_p.l(indicate_semi.o)
    0x000003c6   0x00000002   PAD
    0x000003c8   0x00000028   Code   RO          695    i.BOD_IRQHandler    drvsys.o
    0x000003f0   0x0000002c   Code   RO          698    i.DrvSYS_Delay      drvsys.o
    0x0000041c   0x00000024   Code   RO          255    i.EINT0_IRQHandler  drvgpio.o
    0x00000440   0x00000024   Code   RO          256    i.EINT1_IRQHandler  drvgpio.o
    0x00000464   0x0000003c   Code   RO          257    i.GPAB_IRQHandler   drvgpio.o
    0x000004a0   0x00000040   Code   RO          258    i.GPCDE_IRQHandler  drvgpio.o
    0x000004e0   0x00000038   Code   RO           67    i.InitHCLK12M       test_pwm_tone.o
    0x00000518   0x000000a4   Code   RO           68    i.InitPWM           test_pwm_tone.o
    0x000005bc   0x00000084   Code   RO           69    i.InitTIMER0        test_pwm_tone.o
    0x00000640   0x00000084   Code   RO           70    i.InitTIMER1        test_pwm_tone.o
    0x000006c4   0x00000084   Code   RO           71    i.InitTIMER2        test_pwm_tone.o
    0x00000748   0x00000084   Code   RO           72    i.InitTIMER3        test_pwm_tone.o
    0x000007cc   0x000002dc   Code   RO           73    i.Initial_Lcd       test_pwm_tone.o
    0x00000aa8   0x00000014   Code   RO           74    i.NVIC_EnableIRQ    test_pwm_tone.o
    0x00000abc   0x000000b4   Code   RO           75    i.PWM4_Freq         test_pwm_tone.o
    0x00000b70   0x00000164   Code   RO          553    i.PWMA_IRQHandler   drvpwm.o
    0x00000cd4   0x00000164   Code   RO          554    i.PWMB_IRQHandler   drvpwm.o
    0x00000e38   0x00000028   Code   RO          743    i.PWRWU_IRQHandler  drvsys.o
    0x00000e60   0x00000002   Code   RO           18    i.SystemInit        system_nuc1xx.o
    0x00000e62   0x00000002   PAD
    0x00000e64   0x000000c4   Code   RO           76    i.TMR0_IRQHandler   test_pwm_tone.o
    0x00000f28   0x000000d4   Code   RO           77    i.TMR1_IRQHandler   test_pwm_tone.o
    0x00000ffc   0x00000064   Code   RO           78    i.TMR2_IRQHandler   test_pwm_tone.o
    0x00001060   0x00000030   Code   RO           79    i.TMR3_IRQHandler   test_pwm_tone.o
    0x00001090   0x00000084   Code   RO           80    i.Tone_Freq         test_pwm_tone.o
    0x00001114   0x0000001c   Code   RO          193    i.__ARM_common_switch8  test_pwm_tone.o
    0x00001130   0x00000040   Code   RO           81    i.clearsavepeople   test_pwm_tone.o
    0x00001170   0x000000c8   Code   RO           82    i.draw              test_pwm_tone.o
    0x00001238   0x0000006c   Code   RO           83    i.drawfinal         test_pwm_tone.o
    0x000012a4   0x0000006c   Code   RO           84    i.drawgameover      test_pwm_tone.o
    0x00001310   0x00000084   Code   RO           85    i.drawsavepeople    test_pwm_tone.o
    0x00001394   0x00001854   Code   RO           86    i.main              test_pwm_tone.o
    0x00002be8   0x00002a98   Data   RO           87    .constdata          test_pwm_tone.o
    0x00005680   0x00000020   Data   RO         1168    Region$$Table       anon$$obj.o


    Execution Region ER_RW (Base: 0x20000000, Size: 0x000000dc, Max: 0xffffffff, ABSOLUTE)

    Base Addr    Size         Type   Attr      Idx    E Section Name        Object

    0x20000000   0x0000001c   Data   RW           19    .data               system_nuc1xx.o
    0x2000001c   0x000000a1   Data   RW           88    .data               test_pwm_tone.o
    0x200000bd   0x00000003   PAD
    0x200000c0   0x00000010   Data   RW          262    .data               drvgpio.o
    0x200000d0   0x00000004   Data   RW          556    .data               drvpwm.o
    0x200000d4   0x00000008   Data   RW          745    .data               drvsys.o


    Execution Region ER_ZI (Base: 0x200000dc, Size: 0x000004a4, Max: 0xffffffff, ABSOLUTE)

    Base Addr    Size         Type   Attr      Idx    E Section Name        Object

    0x200000dc   0x00000040   Zero   RW          555    .bss                drvpwm.o
    0x2000011c   0x00000060   Zero   RW         1062    .bss                c_p.l(libspace.o)
    0x2000017c   0x00000004   PAD
    0x20000180   0x00000000   Zero   RW           54    HEAP                startup_nuc1xx.o
    0x20000180   0x00000400   Zero   RW           53    STACK               startup_nuc1xx.o


==============================================================================

Image component sizes


      Code (inc. data)   RO Data    RW Data    ZI Data      Debug   Object Name

         0          0          0          0          0       4188   core_cm0.o
       196         36          0         16          0       3023   drvgpio.o
       712         40          0          4         64       3772   drvpwm.o
       124         22          0          8          0       4459   drvsys.o
       100         46        192          0       1024        744   startup_nuc1xx.o
         2          0          0         28          0       1362   system_nuc1xx.o
      9236        726      10904        161          0     142066   test_pwm_tone.o

    ----------------------------------------------------------------------
     10372        870      11128        220       1088     159614   Object Totals
         0          0         32          0          0          0   (incl. Generated)
         2          0          0          3          0          0   (incl. Padding)

    ----------------------------------------------------------------------

      Code (inc. data)   RO Data    RW Data    ZI Data      Debug   Library Member Name

         8          0          0          0          0         68   __main.o
        60          8          0          0          0          0   __scatter.o
        26          0          0          0          0          0   __scatter_copy.o
        28          0          0          0          0          0   __scatter_zi.o
       346          0          0          0          0         92   aeabi_sdiv.o
        12          0          0          0          0         64   exit.o
         6          0          0          0          0        136   heapauxi.o
         0          0          0          0          0          0   indicate_semi.o
         6          0          0          0          0          0   libinit.o
         2          0          0          0          0          0   libinit2.o
         2          0          0          0          0          0   libshutdown.o
         2          0          0          0          0          0   libshutdown2.o
         8          4          0          0         96         68   libspace.o
        56          0          0          0          0         68   rt_memcpy.o
         0          0          0          0          0          0   rtentry.o
        12          0          0          0          0          0   rtentry2.o
         6          0          0          0          0          0   rtentry4.o
         2          0          0          0          0          0   rtexit.o
        10          0          0          0          0          0   rtexit2.o
        12          4          0          0          0         60   sys_exit.o
        62          0          0          0          0         80   sys_stackheap_outer.o
         2          0          0          0          0         68   use_no_semi.o

    ----------------------------------------------------------------------
       676         16          0          0        100        704   Library Totals
         8          0          0          0          4          0   (incl. Padding)

    ----------------------------------------------------------------------

      Code (inc. data)   RO Data    RW Data    ZI Data      Debug   Library Name

       668         16          0          0         96        704   c_p.l

    ----------------------------------------------------------------------
       676         16          0          0        100        704   Library Totals

    ----------------------------------------------------------------------

==============================================================================


      Code (inc. data)   RO Data    RW Data    ZI Data      Debug   

     11048        886      11128        220       1188     158730   Grand Totals
     11048        886      11128        220       1188     158730   ELF Image Totals
     11048        886      11128        220          0          0   ROM Totals

==============================================================================

    Total RO  Size (Code + RO Data)                22176 (  21.66kB)
    Total RW  Size (RW Data + ZI Data)              1408 (   1.38kB)
    Total ROM Size (Code + RO Data + RW Data)      22396 (  21.87kB)

==============================================================================

